<html>
<body>
<pre>
<h1>µVision Build Log</h1>
<h2>Project:</h2>
C:\Users\victo\Documents\SEDA-Project-main\SEDA-Project.uvproj
Project File Date:  01/30/2021

<h2>Output:</h2>
Rebuild target 'LPC1768'
custom translating Web.inp...
Custom: C:\Keil\ARM\bin\fcarm @.\src\TCP-IP\web\Web.inp
FCARM FILE CONVERTER V2.41
Completed 10 File(s), Ratio 74%
compiling Net_Config.c...
compiling Net_lib.c...
compiling EMAC_LPC17xx_LAN8720.c...
compiling system_LPC17xx.c...
assembling startup_LPC17xx.s...
compiling HTTP_CGI.c...
src\TCP-IP\tcp.h(50): warning:  #1295-D: Deprecated declaration timer_poll - give arg types
compiling tcp.c...
src\TCP-IP\tcp.h(50): warning:  #1295-D: Deprecated declaration timer_poll - give arg types
compiling main.c...
src\AUDIO/audio_muestras.h(12): warning:  #1-D: last line of file ends without a newline
src\AUDIO/audio.h(25): warning:  #1-D: last line of file ends without a newline
src\SENSORES/sensores.h(17): warning:  #1-D: last line of file ends without a newline
src\TCP-IP/tcp.h(50): warning:  #1295-D: Deprecated declaration timer_poll - give arg types
src\main.c(168): warning:  #1-D: last line of file ends without a newline
src\TCP-IP/tcp.h(48): error:  #114: function "__init_TCP" was referenced but not defined
src\TCP-IP/tcp.h(50): error:  #114: function "timer_poll" was referenced but not defined
compiling pwm.c...
src\PWM\../AUDIO/audio_muestras.h(12): warning:  #1-D: last line of file ends without a newline
src\PWM\../AUDIO/audio.h(25): warning:  #1-D: last line of file ends without a newline
src\PWM\../SENSORES/sensores.h(17): warning:  #1-D: last line of file ends without a newline
src\PWM\../TCP-IP/tcp.h(50): warning:  #1295-D: Deprecated declaration timer_poll - give arg types
compiling uart.c...
compiling uart0.c...
compiling uart2.c...
compiling uart3.c...
compiling anemometro.c...
src\ANEMOMETRO\../AUDIO/audio_muestras.h(12): warning:  #1-D: last line of file ends without a newline
src\ANEMOMETRO\../AUDIO/audio.h(25): warning:  #1-D: last line of file ends without a newline
src\ANEMOMETRO\../SENSORES/sensores.h(17): warning:  #1-D: last line of file ends without a newline
src\ANEMOMETRO\../TCP-IP/tcp.h(50): warning:  #1295-D: Deprecated declaration timer_poll - give arg types
compiling audio.c...
src\AUDIO\../AUDIO/audio.h(25): warning:  #1-D: last line of file ends without a newline
src\AUDIO\../SENSORES/sensores.h(17): warning:  #1-D: last line of file ends without a newline
src\AUDIO\../TCP-IP/tcp.h(50): warning:  #1295-D: Deprecated declaration timer_poll - give arg types
src\AUDIO\audio_muestras.h(12): warning:  #1-D: last line of file ends without a newline
src\AUDIO\audio.h(25): warning:  #1-D: last line of file ends without a newline
compiling lcddriver.c...
src\LCD\lcddriver.c(349): error:  #5: cannot open source input file "lpc17xx_gpio.h": No such file or directory
compiling visualizacion.c...
src\LCD\../AUDIO/audio_muestras.h(12): warning:  #1-D: last line of file ends without a newline
src\LCD\../AUDIO/audio.h(25): warning:  #1-D: last line of file ends without a newline
src\LCD\../SENSORES/sensores.h(17): warning:  #1-D: last line of file ends without a newline
src\LCD\../TCP-IP/tcp.h(50): warning:  #1295-D: Deprecated declaration timer_poll - give arg types
compiling temp-humedad.c...
src\SENSORES\../AUDIO/audio_muestras.h(12): warning:  #1-D: last line of file ends without a newline
src\SENSORES\../AUDIO/audio.h(25): warning:  #1-D: last line of file ends without a newline
src\SENSORES\../SENSORES/sensores.h(17): warning:  #1-D: last line of file ends without a newline
src\SENSORES\../TCP-IP/tcp.h(50): warning:  #1295-D: Deprecated declaration timer_poll - give arg types
src\SENSORES\sensores.h(17): warning:  #1-D: last line of file ends without a newline
compiling web.c...
".\build\obj\SEDA-Project.axf" - 3 Errors, 29 Warning(s).
Target not created
Rebuild target 'LPC1768'
custom translating Web.inp...
Custom: C:\Keil\ARM\bin\fcarm @.\src\TCP-IP\web\Web.inp
FCARM FILE CONVERTER V2.41
Completed 10 File(s), Ratio 74%
compiling Net_Config.c...
compiling Net_lib.c...
compiling EMAC_LPC17xx_LAN8720.c...
compiling system_LPC17xx.c...
assembling startup_LPC17xx.s...
compiling HTTP_CGI.c...
compiling tcp.c...
compiling main.c...
src\AUDIO/audio_muestras.h(5): warning:  #69-D: integer conversion resulted in truncation
src\AUDIO/audio_muestras.h(5): warning:  #69-D: integer conversion resulted in truncation
src\AUDIO/audio_muestras.h(5): warning:  #69-D: integer conversion resulted in truncation
src\AUDIO/audio_muestras.h(5): warning:  #69-D: integer conversion resulted in truncation
src\AUDIO/audio_muestras.h(5): warning:  #69-D: integer conversion resulted in truncation
src\AUDIO/audio_muestras.h(5): warning:  #69-D: integer conversion resulted in truncation
src\AUDIO/audio_muestras.h(5): warning:  #69-D: integer conversion resulted in truncation
src\AUDIO/audio_muestras.h(5): warning:  #69-D: integer conversion resulted in truncation
src\AUDIO/audio_muestras.h(5): warning:  #69-D: integer conversion resulted in truncation
src\AUDIO/audio_muestras.h(5): warning:  #69-D: integer conversion resulted in truncation
src\AUDIO/audio_muestras.h(5): warning:  #69-D: integer conversion resulted in truncation
src\AUDIO/audio_muestras.h(5): warning:  #69-D: integer conversion resulted in truncation
src\SENSORES/sensores.h(17): warning:  #1-D: last line of file ends without a newline
src\main.c(168): warning:  #1-D: last line of file ends without a newline
src\TCP-IP/tcp.h(48): error:  #114: function "__init_TCP" was referenced but not defined
src\TCP-IP/tcp.h(50): error:  #114: function "timer_poll" was referenced but not defined
compiling pwm.c...
src\PWM\../AUDIO/audio_muestras.h(5): warning:  #69-D: integer conversion resulted in truncation
src\PWM\../AUDIO/audio_muestras.h(5): warning:  #69-D: integer conversion resulted in truncation
src\PWM\../AUDIO/audio_muestras.h(5): warning:  #69-D: integer conversion resulted in truncation
src\PWM\../AUDIO/audio_muestras.h(5): warning:  #69-D: integer conversion resulted in truncation
src\PWM\../AUDIO/audio_muestras.h(5): warning:  #69-D: integer conversion resulted in truncation
src\PWM\../AUDIO/audio_muestras.h(5): warning:  #69-D: integer conversion resulted in truncation
src\PWM\../AUDIO/audio_muestras.h(5): warning:  #69-D: integer conversion resulted in truncation
src\PWM\../AUDIO/audio_muestras.h(5): warning:  #69-D: integer conversion resulted in truncation
src\PWM\../AUDIO/audio_muestras.h(5): warning:  #69-D: integer conversion resulted in truncation
src\PWM\../AUDIO/audio_muestras.h(5): warning:  #69-D: integer conversion resulted in truncation
src\PWM\../AUDIO/audio_muestras.h(5): warning:  #69-D: integer conversion resulted in truncation
src\PWM\../AUDIO/audio_muestras.h(5): warning:  #69-D: integer conversion resulted in truncation
src\PWM\../SENSORES/sensores.h(17): warning:  #1-D: last line of file ends without a newline
compiling uart.c...
compiling uart0.c...
compiling uart2.c...
compiling uart3.c...
compiling anemometro.c...
src\ANEMOMETRO\../AUDIO/audio_muestras.h(5): warning:  #69-D: integer conversion resulted in truncation
src\ANEMOMETRO\../AUDIO/audio_muestras.h(5): warning:  #69-D: integer conversion resulted in truncation
src\ANEMOMETRO\../AUDIO/audio_muestras.h(5): warning:  #69-D: integer conversion resulted in truncation
src\ANEMOMETRO\../AUDIO/audio_muestras.h(5): warning:  #69-D: integer conversion resulted in truncation
src\ANEMOMETRO\../AUDIO/audio_muestras.h(5): warning:  #69-D: integer conversion resulted in truncation
src\ANEMOMETRO\../AUDIO/audio_muestras.h(5): warning:  #69-D: integer conversion resulted in truncation
src\ANEMOMETRO\../AUDIO/audio_muestras.h(5): warning:  #69-D: integer conversion resulted in truncation
src\ANEMOMETRO\../AUDIO/audio_muestras.h(5): warning:  #69-D: integer conversion resulted in truncation
src\ANEMOMETRO\../AUDIO/audio_muestras.h(5): warning:  #69-D: integer conversion resulted in truncation
src\ANEMOMETRO\../AUDIO/audio_muestras.h(5): warning:  #69-D: integer conversion resulted in truncation
src\ANEMOMETRO\../AUDIO/audio_muestras.h(5): warning:  #69-D: integer conversion resulted in truncation
src\ANEMOMETRO\../AUDIO/audio_muestras.h(5): warning:  #69-D: integer conversion resulted in truncation
src\ANEMOMETRO\../SENSORES/sensores.h(17): warning:  #1-D: last line of file ends without a newline
compiling audio.c...
src\AUDIO\../SENSORES/sensores.h(17): warning:  #1-D: last line of file ends without a newline
src\AUDIO\audio_muestras.h(5): warning:  #69-D: integer conversion resulted in truncation
src\AUDIO\audio_muestras.h(5): warning:  #69-D: integer conversion resulted in truncation
src\AUDIO\audio_muestras.h(5): warning:  #69-D: integer conversion resulted in truncation
src\AUDIO\audio_muestras.h(5): warning:  #69-D: integer conversion resulted in truncation
src\AUDIO\audio_muestras.h(5): warning:  #69-D: integer conversion resulted in truncation
src\AUDIO\audio_muestras.h(5): warning:  #69-D: integer conversion resulted in truncation
src\AUDIO\audio_muestras.h(5): warning:  #69-D: integer conversion resulted in truncation
src\AUDIO\audio_muestras.h(5): warning:  #69-D: integer conversion resulted in truncation
src\AUDIO\audio_muestras.h(5): warning:  #69-D: integer conversion resulted in truncation
src\AUDIO\audio_muestras.h(5): warning:  #69-D: integer conversion resulted in truncation
src\AUDIO\audio_muestras.h(5): warning:  #69-D: integer conversion resulted in truncation
src\AUDIO\audio_muestras.h(5): warning:  #69-D: integer conversion resulted in truncation
compiling lcddriver.c...
src\LCD\lpc17xx_gpio.h(38): error:  #5: cannot open source input file "lpc_types.h": No such file or directory
compiling visualizacion.c...
src\LCD\../AUDIO/audio_muestras.h(5): warning:  #69-D: integer conversion resulted in truncation
src\LCD\../AUDIO/audio_muestras.h(5): warning:  #69-D: integer conversion resulted in truncation
src\LCD\../AUDIO/audio_muestras.h(5): warning:  #69-D: integer conversion resulted in truncation
src\LCD\../AUDIO/audio_muestras.h(5): warning:  #69-D: integer conversion resulted in truncation
src\LCD\../AUDIO/audio_muestras.h(5): warning:  #69-D: integer conversion resulted in truncation
src\LCD\../AUDIO/audio_muestras.h(5): warning:  #69-D: integer conversion resulted in truncation
src\LCD\../AUDIO/audio_muestras.h(5): warning:  #69-D: integer conversion resulted in truncation
src\LCD\../AUDIO/audio_muestras.h(5): warning:  #69-D: integer conversion resulted in truncation
src\LCD\../AUDIO/audio_muestras.h(5): warning:  #69-D: integer conversion resulted in truncation
src\LCD\../AUDIO/audio_muestras.h(5): warning:  #69-D: integer conversion resulted in truncation
src\LCD\../AUDIO/audio_muestras.h(5): warning:  #69-D: integer conversion resulted in truncation
src\LCD\../AUDIO/audio_muestras.h(5): warning:  #69-D: integer conversion resulted in truncation
src\LCD\../SENSORES/sensores.h(17): warning:  #1-D: last line of file ends without a newline
compiling temp-humedad.c...
src\SENSORES\../AUDIO/audio_muestras.h(5): warning:  #69-D: integer conversion resulted in truncation
src\SENSORES\../AUDIO/audio_muestras.h(5): warning:  #69-D: integer conversion resulted in truncation
src\SENSORES\../AUDIO/audio_muestras.h(5): warning:  #69-D: integer conversion resulted in truncation
src\SENSORES\../AUDIO/audio_muestras.h(5): warning:  #69-D: integer conversion resulted in truncation
src\SENSORES\../AUDIO/audio_muestras.h(5): warning:  #69-D: integer conversion resulted in truncation
src\SENSORES\../AUDIO/audio_muestras.h(5): warning:  #69-D: integer conversion resulted in truncation
src\SENSORES\../AUDIO/audio_muestras.h(5): warning:  #69-D: integer conversion resulted in truncation
src\SENSORES\../AUDIO/audio_muestras.h(5): warning:  #69-D: integer conversion resulted in truncation
src\SENSORES\../AUDIO/audio_muestras.h(5): warning:  #69-D: integer conversion resulted in truncation
src\SENSORES\../AUDIO/audio_muestras.h(5): warning:  #69-D: integer conversion resulted in truncation
src\SENSORES\../AUDIO/audio_muestras.h(5): warning:  #69-D: integer conversion resulted in truncation
src\SENSORES\../AUDIO/audio_muestras.h(5): warning:  #69-D: integer conversion resulted in truncation
src\SENSORES\../SENSORES/sensores.h(17): warning:  #1-D: last line of file ends without a newline
src\SENSORES\sensores.h(17): warning:  #1-D: last line of file ends without a newline
compiling web.c...
".\build\obj\SEDA-Project.axf" - 3 Errors, 80 Warning(s).
Target not created
Rebuild target 'LPC1768'
custom translating Web.inp...
Custom: C:\Keil\ARM\bin\fcarm @.\src\TCP-IP\web\Web.inp
FCARM FILE CONVERTER V2.41
Completed 10 File(s), Ratio 74%
compiling Net_Config.c...
compiling Net_lib.c...
compiling EMAC_LPC17xx_LAN8720.c...
compiling system_LPC17xx.c...
assembling startup_LPC17xx.s...
compiling HTTP_CGI.c...
compiling tcp.c...
compiling main.c...
src\main.c(168): warning:  #1-D: last line of file ends without a newline
src\TCP-IP/tcp.h(48): error:  #114: function "__init_TCP" was referenced but not defined
src\TCP-IP/tcp.h(50): error:  #114: function "timer_poll" was referenced but not defined
compiling pwm.c...
compiling uart.c...
compiling uart0.c...
compiling uart2.c...
compiling uart3.c...
compiling anemometro.c...
compiling audio.c...
compiling lcddriver.c...
src\LCD\lpc17xx_gpio.h(38): error:  #5: cannot open source input file "lpc_types.h": No such file or directory
compiling visualizacion.c...
compiling temp-humedad.c...
compiling web.c...
".\build\obj\SEDA-Project.axf" - 3 Errors, 1 Warning(s).
Target not created
Rebuild target 'LPC1768'
custom translating Web.inp...
Custom: C:\Keil\ARM\bin\fcarm @.\src\TCP-IP\web\Web.inp
FCARM FILE CONVERTER V2.41
Completed 10 File(s), Ratio 74%
compiling Net_Config.c...
compiling Net_lib.c...
compiling EMAC_LPC17xx_LAN8720.c...
compiling system_LPC17xx.c...
assembling startup_LPC17xx.s...
compiling HTTP_CGI.c...
compiling tcp.c...
compiling main.c...
src\main.c(168): warning:  #1-D: last line of file ends without a newline
src\TCP-IP/tcp.h(48): error:  #114: function "__init_TCP" was referenced but not defined
src\TCP-IP/tcp.h(50): error:  #114: function "timer_poll" was referenced but not defined
compiling pwm.c...
compiling uart.c...
compiling uart0.c...
compiling uart2.c...
compiling uart3.c...
compiling anemometro.c...
compiling audio.c...
compiling lcddriver.c...
compiling visualizacion.c...
compiling temp-humedad.c...
compiling web.c...
".\build\obj\SEDA-Project.axf" - 2 Errors, 1 Warning(s).
Target not created
Rebuild target 'LPC1768'
custom translating Web.inp...
Custom: C:\Keil\ARM\bin\fcarm @.\src\TCP-IP\web\Web.inp
FCARM FILE CONVERTER V2.41
Completed 10 File(s), Ratio 74%
compiling Net_Config.c...
compiling Net_lib.c...
compiling EMAC_LPC17xx_LAN8720.c...
compiling system_LPC17xx.c...
assembling startup_LPC17xx.s...
compiling HTTP_CGI.c...
compiling tcp.c...
compiling main.c...
src\TCP-IP/tcp.h(48): error:  #114: function "__init_TCP" was referenced but not defined
src\TCP-IP/tcp.h(50): error:  #114: function "timer_poll" was referenced but not defined
compiling pwm.c...
compiling uart.c...
compiling uart0.c...
compiling uart2.c...
compiling uart3.c...
compiling anemometro.c...
compiling audio.c...
compiling lcddriver.c...
compiling visualizacion.c...
compiling temp-humedad.c...
compiling web.c...
".\build\obj\SEDA-Project.axf" - 2 Errors, 0 Warning(s).
Target not created
Rebuild target 'LPC1768'
custom translating Web.inp...
Custom: C:\Keil\ARM\bin\fcarm @.\src\TCP-IP\web\Web.inp
FCARM FILE CONVERTER V2.41
Completed 10 File(s), Ratio 74%
compiling Net_Config.c...
compiling Net_lib.c...
compiling EMAC_LPC17xx_LAN8720.c...
compiling system_LPC17xx.c...
assembling startup_LPC17xx.s...
compiling HTTP_CGI.c...
compiling tcp.c...
compiling main.c...
src\TCP-IP/tcp.h(48): error:  #114: function "__init_TCP" was referenced but not defined
compiling pwm.c...
compiling uart.c...
compiling uart0.c...
compiling uart2.c...
compiling uart3.c...
compiling anemometro.c...
compiling audio.c...
compiling lcddriver.c...
compiling visualizacion.c...
compiling temp-humedad.c...
compiling web.c...
".\build\obj\SEDA-Project.axf" - 1 Errors, 0 Warning(s).
Target not created
Rebuild target 'LPC1768'
custom translating Web.inp...
Custom: C:\Keil\ARM\bin\fcarm @.\src\TCP-IP\web\Web.inp
FCARM FILE CONVERTER V2.41
Completed 10 File(s), Ratio 74%
compiling Net_Config.c...
compiling Net_lib.c...
compiling EMAC_LPC17xx_LAN8720.c...
compiling system_LPC17xx.c...
assembling startup_LPC17xx.s...
compiling HTTP_CGI.c...
compiling tcp.c...
compiling main.c...
src\TCP-IP/tcp.h(48): error:  #114: function "__init_TCP" was referenced but not defined
src\TCP-IP/tcp.h(50): error:  #114: function "timer_poll" was referenced but not defined
compiling pwm.c...
compiling uart.c...
compiling uart0.c...
compiling uart2.c...
compiling uart3.c...
compiling anemometro.c...
compiling audio.c...
compiling lcddriver.c...
compiling visualizacion.c...
compiling temp-humedad.c...
compiling web.c...
".\build\obj\SEDA-Project.axf" - 2 Errors, 0 Warning(s).
Target not created
Rebuild target 'LPC1768'
custom translating Web.inp...
Custom: C:\Keil\ARM\bin\fcarm @.\src\TCP-IP\web\Web.inp
FCARM FILE CONVERTER V2.41
Completed 10 File(s), Ratio 74%
compiling Net_Config.c...
compiling Net_lib.c...
compiling EMAC_LPC17xx_LAN8720.c...
compiling system_LPC17xx.c...
assembling startup_LPC17xx.s...
compiling HTTP_CGI.c...
compiling tcp.c...
compiling main.c...
compiling pwm.c...
compiling uart.c...
compiling uart0.c...
compiling uart2.c...
compiling uart3.c...
compiling anemometro.c...
compiling audio.c...
compiling lcddriver.c...
compiling visualizacion.c...
compiling temp-humedad.c...
compiling web.c...
linking...
.\build\obj\SEDA-Project.axf: Error: L6200E: Symbol muestras multiply defined (by pwm.o and main.o).
.\build\obj\SEDA-Project.axf: Error: L6200E: Symbol muestras multiply defined (by anemometro.o and main.o).
.\build\obj\SEDA-Project.axf: Error: L6200E: Symbol muestras multiply defined (by audio.o and main.o).
.\build\obj\SEDA-Project.axf: Error: L6200E: Symbol muestras multiply defined (by visualizacion.o and main.o).
.\build\obj\SEDA-Project.axf: Error: L6200E: Symbol muestras multiply defined (by temp-humedad.o and main.o).
".\build\obj\SEDA-Project.axf" - 5 Errors, 0 Warning(s).
Target not created
Clean started: Project: 'SEDA-Project'
   deleting intermediate output files for target 'LPC1768'
Rebuild target 'LPC1768'
custom translating Web.inp...
Custom: C:\Keil\ARM\bin\fcarm @.\src\TCP-IP\web\Web.inp
FCARM FILE CONVERTER V2.41
Completed 10 File(s), Ratio 74%
compiling Net_Config.c...
compiling Net_lib.c...
compiling EMAC_LPC17xx_LAN8720.c...
compiling system_LPC17xx.c...
assembling startup_LPC17xx.s...
compiling HTTP_CGI.c...
compiling tcp.c...
compiling main.c...
compiling pwm.c...
compiling uart.c...
compiling uart0.c...
compiling uart2.c...
compiling uart3.c...
compiling anemometro.c...
compiling audio.c...
compiling lcddriver.c...
compiling visualizacion.c...
compiling temp-humedad.c...
compiling web.c...
linking...
.\build\obj\SEDA-Project.axf: Error: L6200E: Symbol muestras multiply defined (by pwm.o and main.o).
.\build\obj\SEDA-Project.axf: Error: L6200E: Symbol muestras multiply defined (by anemometro.o and main.o).
.\build\obj\SEDA-Project.axf: Error: L6200E: Symbol muestras multiply defined (by audio.o and main.o).
.\build\obj\SEDA-Project.axf: Error: L6200E: Symbol muestras multiply defined (by visualizacion.o and main.o).
.\build\obj\SEDA-Project.axf: Error: L6200E: Symbol muestras multiply defined (by temp-humedad.o and main.o).
".\build\obj\SEDA-Project.axf" - 5 Errors, 0 Warning(s).
Target not created
Rebuild target 'LPC1768'
custom translating Web.inp...
Custom: C:\Keil\ARM\bin\fcarm @.\src\TCP-IP\web\Web.inp
FCARM FILE CONVERTER V2.41
Completed 10 File(s), Ratio 74%
compiling Net_Config.c...
compiling Net_lib.c...
compiling EMAC_LPC17xx_LAN8720.c...
compiling system_LPC17xx.c...
assembling startup_LPC17xx.s...
compiling HTTP_CGI.c...
compiling tcp.c...
compiling main.c...
compiling pwm.c...
compiling uart.c...
compiling uart0.c...
compiling uart2.c...
compiling uart3.c...
compiling anemometro.c...
compiling audio.c...
compiling lcddriver.c...
compiling visualizacion.c...
compiling temp-humedad.c...
compiling web.c...
linking...
.\build\obj\SEDA-Project.axf: Error: L6406E: No space in execution regions with .ANY selector matching emac_lpc17xx_lan8720.o(.bss).
.\build\obj\SEDA-Project.axf: Error: L6407E: Sections of aggregate size 0x2a64 bytes could not fit into .ANY selector(s).
".\build\obj\SEDA-Project.axf" - 2 Errors, 0 Warning(s).
Target not created
Rebuild target 'LPC1768'
custom translating Web.inp...
Custom: C:\Keil\ARM\bin\fcarm @.\src\TCP-IP\web\Web.inp
FCARM FILE CONVERTER V2.41
Completed 10 File(s), Ratio 74%
compiling Net_Config.c...
compiling Net_lib.c...
compiling EMAC_LPC17xx_LAN8720.c...
compiling system_LPC17xx.c...
assembling startup_LPC17xx.s...
compiling HTTP_CGI.c...
compiling tcp.c...
compiling main.c...
compiling pwm.c...
compiling uart.c...
compiling uart0.c...
compiling uart2.c...
compiling uart3.c...
compiling anemometro.c...
compiling audio.c...
compiling lcddriver.c...
compiling visualizacion.c...
compiling temp-humedad.c...
compiling web.c...
linking...
.\build\obj\SEDA-Project.axf: Error: L6406E: No space in execution regions with .ANY selector matching emac_lpc17xx_lan8720.o(.bss).
.\build\obj\SEDA-Project.axf: Error: L6407E: Sections of aggregate size 0x2a64 bytes could not fit into .ANY selector(s).
".\build\obj\SEDA-Project.axf" - 2 Errors, 0 Warning(s).
Target not created
Clean started: Project: 'SEDA-Project'
   deleting intermediate output files for target 'LPC1768'
Rebuild target 'LPC1768'
custom translating Web.inp...
Custom: C:\Keil\ARM\bin\fcarm @.\src\TCP-IP\web\Web.inp
FCARM FILE CONVERTER V2.41
Completed 10 File(s), Ratio 74%
compiling Net_Config.c...
compiling Net_lib.c...
compiling EMAC_LPC17xx_LAN8720.c...
compiling system_LPC17xx.c...
assembling startup_LPC17xx.s...
compiling HTTP_CGI.c...
compiling tcp.c...
compiling main.c...
compiling pwm.c...
compiling uart.c...
compiling uart0.c...
compiling uart2.c...
compiling uart3.c...
compiling anemometro.c...
compiling audio.c...
compiling lcddriver.c...
compiling visualizacion.c...
compiling temp-humedad.c...
compiling web.c...
linking...
.\build\obj\SEDA-Project.axf: Error: L6406E: No space in execution regions with .ANY selector matching emac_lpc17xx_lan8720.o(.bss).
.\build\obj\SEDA-Project.axf: Error: L6407E: Sections of aggregate size 0x2a64 bytes could not fit into .ANY selector(s).
".\build\obj\SEDA-Project.axf" - 2 Errors, 0 Warning(s).
Target not created
Rebuild target 'LPC1768'
custom translating Web.inp...
Custom: C:\Keil\ARM\bin\fcarm @.\src\TCP-IP\web\Web.inp
FCARM FILE CONVERTER V2.41
Completed 10 File(s), Ratio 74%
compiling Net_Config.c...
compiling Net_lib.c...
compiling EMAC_LPC17xx_LAN8720.c...
compiling system_LPC17xx.c...
assembling startup_LPC17xx.s...
compiling HTTP_CGI.c...
compiling tcp.c...
compiling main.c...
compiling pwm.c...
compiling uart.c...
compiling uart0.c...
compiling uart2.c...
compiling uart3.c...
compiling anemometro.c...
compiling audio.c...
compiling lcddriver.c...
compiling visualizacion.c...
compiling temp-humedad.c...
compiling web.c...
linking...
.\build\obj\SEDA-Project.axf: Error: L6218E: Undefined symbol CLKPWR_ConfigPPWR (referred from lcddriver.o).
.\build\obj\SEDA-Project.axf: Error: L6218E: Undefined symbol FIO_ClearValue (referred from lcddriver.o).
.\build\obj\SEDA-Project.axf: Error: L6218E: Undefined symbol FIO_SetValue (referred from lcddriver.o).
.\build\obj\SEDA-Project.axf: Error: L6218E: Undefined symbol FONT16x24 (referred from lcddriver.o).
.\build\obj\SEDA-Project.axf: Error: L6218E: Undefined symbol FONT8x16 (referred from lcddriver.o).
.\build\obj\SEDA-Project.axf: Error: L6218E: Undefined symbol FONT8x8 (referred from lcddriver.o).
".\build\obj\SEDA-Project.axf" - 6 Errors, 0 Warning(s).
Target not created
Rebuild target 'LPC1768'
custom translating Web.inp...
Custom: C:\Keil\ARM\bin\fcarm @.\src\TCP-IP\web\Web.inp
FCARM FILE CONVERTER V2.41
Completed 10 File(s), Ratio 74%
compiling Net_Config.c...
compiling Net_lib.c...
compiling EMAC_LPC17xx_LAN8720.c...
compiling system_LPC17xx.c...
assembling startup_LPC17xx.s...
compiling HTTP_CGI.c...
compiling tcp.c...
compiling main.c...
compiling pwm.c...
compiling uart.c...
compiling uart0.c...
compiling uart2.c...
compiling uart3.c...
compiling anemometro.c...
compiling audio.c...
compiling lcddriver.c...
compiling visualizacion.c...
compiling temp-humedad.c...
compiling web.c...
linking...
.\build\obj\SEDA-Project.axf: Error: L6218E: Undefined symbol CLKPWR_ConfigPPWR (referred from lcddriver.o).
.\build\obj\SEDA-Project.axf: Error: L6218E: Undefined symbol FIO_ClearValue (referred from lcddriver.o).
.\build\obj\SEDA-Project.axf: Error: L6218E: Undefined symbol FIO_SetValue (referred from lcddriver.o).
.\build\obj\SEDA-Project.axf: Error: L6218E: Undefined symbol FONT16x24 (referred from lcddriver.o).
.\build\obj\SEDA-Project.axf: Error: L6218E: Undefined symbol FONT8x16 (referred from lcddriver.o).
.\build\obj\SEDA-Project.axf: Error: L6218E: Undefined symbol FONT8x8 (referred from lcddriver.o).
".\build\obj\SEDA-Project.axf" - 6 Errors, 0 Warning(s).
Target not created
Rebuild target 'LPC1768'
custom translating Web.inp...
Custom: C:\Keil\ARM\bin\fcarm @.\src\TCP-IP\web\Web.inp
FCARM FILE CONVERTER V2.41
Completed 10 File(s), Ratio 74%
compiling Net_Config.c...
compiling Net_lib.c...
compiling EMAC_LPC17xx_LAN8720.c...
compiling system_LPC17xx.c...
assembling startup_LPC17xx.s...
compiling HTTP_CGI.c...
compiling tcp.c...
compiling main.c...
compiling pwm.c...
compiling uart.c...
compiling uart0.c...
compiling uart2.c...
compiling uart3.c...
compiling anemometro.c...
compiling audio.c...
compiling lcddriver.c...
compiling visualizacion.c...
compiling temp-humedad.c...
compiling web.c...
linking...
.\build\obj\SEDA-Project.axf: Error: L6218E: Undefined symbol CLKPWR_ConfigPPWR (referred from lcddriver.o).
.\build\obj\SEDA-Project.axf: Error: L6218E: Undefined symbol FIO_ClearValue (referred from lcddriver.o).
.\build\obj\SEDA-Project.axf: Error: L6218E: Undefined symbol FIO_SetValue (referred from lcddriver.o).
.\build\obj\SEDA-Project.axf: Error: L6218E: Undefined symbol FONT16x24 (referred from lcddriver.o).
.\build\obj\SEDA-Project.axf: Error: L6218E: Undefined symbol FONT8x16 (referred from lcddriver.o).
.\build\obj\SEDA-Project.axf: Error: L6218E: Undefined symbol FONT8x8 (referred from lcddriver.o).
".\build\obj\SEDA-Project.axf" - 6 Errors, 0 Warning(s).
Target not created
Clean started: Project: 'SEDA-Project'
   deleting intermediate output files for target 'LPC1768'
Rebuild target 'LPC1768'
custom translating Web.inp...
Custom: C:\Keil\ARM\bin\fcarm @.\src\TCP-IP\web\Web.inp
FCARM FILE CONVERTER V2.41
Completed 10 File(s), Ratio 74%
compiling Net_Config.c...
compiling Net_lib.c...
compiling EMAC_LPC17xx_LAN8720.c...
compiling system_LPC17xx.c...
assembling startup_LPC17xx.s...
compiling HTTP_CGI.c...
compiling tcp.c...
compiling main.c...
compiling pwm.c...
compiling uart.c...
compiling uart0.c...
compiling uart2.c...
compiling uart3.c...
compiling anemometro.c...
compiling audio.c...
compiling lcddriver.c...
compiling visualizacion.c...
compiling temp-humedad.c...
compiling web.c...
linking...
.\build\obj\SEDA-Project.axf: Error: L6218E: Undefined symbol CLKPWR_ConfigPPWR (referred from lcddriver.o).
.\build\obj\SEDA-Project.axf: Error: L6218E: Undefined symbol FIO_ClearValue (referred from lcddriver.o).
.\build\obj\SEDA-Project.axf: Error: L6218E: Undefined symbol FIO_SetValue (referred from lcddriver.o).
.\build\obj\SEDA-Project.axf: Error: L6218E: Undefined symbol FONT16x24 (referred from lcddriver.o).
.\build\obj\SEDA-Project.axf: Error: L6218E: Undefined symbol FONT8x16 (referred from lcddriver.o).
.\build\obj\SEDA-Project.axf: Error: L6218E: Undefined symbol FONT8x8 (referred from lcddriver.o).
".\build\obj\SEDA-Project.axf" - 6 Errors, 0 Warning(s).
Target not created
Rebuild target 'LPC1768'
custom translating Web.inp...
Custom: C:\Keil\ARM\bin\fcarm @.\src\TCP-IP\web\Web.inp
FCARM FILE CONVERTER V2.41
Completed 10 File(s), Ratio 74%
compiling Net_Config.c...
compiling Net_lib.c...
compiling EMAC_LPC17xx_LAN8720.c...
compiling system_LPC17xx.c...
assembling startup_LPC17xx.s...
compiling AsciiLib.c...
compiling font.c...
compiling GLCD.c...
compiling lpc17xx_clkpwr.c...
compiling lpc17xx_gpio.c...
compiling lpc17xx_libcfg_default.c...
compiling HTTP_CGI.c...
compiling tcp.c...
compiling main.c...
compiling pwm.c...
compiling uart.c...
compiling uart0.c...
compiling uart2.c...
compiling uart3.c...
compiling anemometro.c...
compiling audio.c...
compiling lcddriver.c...
compiling visualizacion.c...
compiling temp-humedad.c...
compiling web.c...
linking...
Program Size: Code=43032 RO-data=79836 RW-data=256 ZI-data=41756  
".\build\obj\SEDA-Project.axf" - 0 Errors, 0 Warning(s).
Load "C:\\Users\\victo\\Documents\\SEDA-Project-main\\build\\obj\\SEDA-Project.axf" 
Set JLink Project File to "C:\Users\victo\Documents\SEDA-Project-main\JLinkSettings.ini"
* JLink Info: Device "LPC1768" selected (512 KB flash, 32 KB RAM).
 
JLink info:
------------
DLL: V4.68a, compiled Apr 12 2013 13:26:50
Firmware: J-Link ARM V8 compiled Nov 28 2014 13:44:46
Hardware: V8.00
S/N : 788529156 
Feature(s) : RDI,FlashDL,FlashBP,JFlash,GDB 
 
* JLink Info: TotalIRLen = 4, IRPrint = 0x01
* JLink Info: Found Cortex-M3 r2p0, Little endian.
* JLink Info: TPIU fitted.
* JLink Info: ETM fitted.
* JLink Info: FPUnit: 6 code (BP) slots and 2 literal slots
ROMTableAddr = 0xE00FF003
* JLink Info: Found Cortex-M3 r2p0, Little endian.
* JLink Info: TPIU fitted.
* JLink Info: ETM fitted.
* JLink Info: FPUnit: 6 code (BP) slots and 2 literal slots
 
Target info:
------------
Device: LPC1768
VTarget = 3.325V
State of Pins: 
TCK: 1, TDI: 1, TDO: 1, TMS: 0, TRES: 1, TRST: 1
Hardware-Breakpoints: 6
Software-Breakpoints: 8192
Watchpoints:          4
JTAG speed: 2000 kHz
 
Erase Done.
Programming Done.
Verify OK.
Rebuild target 'LPC1768'
custom translating Web.inp...
Custom: C:\Keil\ARM\bin\fcarm @.\src\TCP-IP\web\Web.inp
FCARM FILE CONVERTER V2.41
Completed 10 File(s), Ratio 74%
compiling Net_Config.c...
compiling Net_lib.c...
compiling EMAC_LPC17xx_LAN8720.c...
compiling system_LPC17xx.c...
assembling startup_LPC17xx.s...
compiling AsciiLib.c...
compiling font.c...
compiling GLCD.c...
compiling lpc17xx_clkpwr.c...
compiling lpc17xx_gpio.c...
compiling lpc17xx_libcfg_default.c...
compiling HTTP_CGI.c...
compiling tcp.c...
compiling main.c...
compiling pwm.c...
compiling uart.c...
compiling uart0.c...
compiling uart2.c...
compiling uart3.c...
compiling anemometro.c...
compiling audio.c...
src\AUDIO\audio_muestras.h(5): error:  #20: identifier "uint_8" is undefined
compiling lcddriver.c...
compiling visualizacion.c...
compiling temp-humedad.c...
compiling web.c...
".\build\obj\SEDA-Project.axf" - 1 Errors, 0 Warning(s).
Target not created
Rebuild target 'LPC1768'
custom translating Web.inp...
Custom: C:\Keil\ARM\bin\fcarm @.\src\TCP-IP\web\Web.inp
FCARM FILE CONVERTER V2.41
Completed 10 File(s), Ratio 74%
compiling Net_Config.c...
compiling Net_lib.c...
compiling EMAC_LPC17xx_LAN8720.c...
compiling system_LPC17xx.c...
assembling startup_LPC17xx.s...
compiling AsciiLib.c...
compiling font.c...
compiling GLCD.c...
compiling lpc17xx_clkpwr.c...
compiling lpc17xx_gpio.c...
compiling lpc17xx_libcfg_default.c...
compiling HTTP_CGI.c...
compiling tcp.c...
compiling main.c...
compiling pwm.c...
compiling uart.c...
compiling uart0.c...
compiling uart2.c...
compiling uart3.c...
compiling anemometro.c...
compiling audio.c...
src\AUDIO\audio_muestras.h(5): error:  #20: identifier "uintt_8" is undefined
compiling lcddriver.c...
compiling visualizacion.c...
compiling temp-humedad.c...
compiling web.c...
".\build\obj\SEDA-Project.axf" - 1 Errors, 0 Warning(s).
Target not created
Rebuild target 'LPC1768'
custom translating Web.inp...
Custom: C:\Keil\ARM\bin\fcarm @.\src\TCP-IP\web\Web.inp
FCARM FILE CONVERTER V2.41
Completed 10 File(s), Ratio 74%
compiling Net_Config.c...
compiling Net_lib.c...
compiling EMAC_LPC17xx_LAN8720.c...
compiling system_LPC17xx.c...
assembling startup_LPC17xx.s...
compiling AsciiLib.c...
compiling font.c...
compiling GLCD.c...
compiling lpc17xx_clkpwr.c...
compiling lpc17xx_gpio.c...
compiling lpc17xx_libcfg_default.c...
compiling HTTP_CGI.c...
compiling tcp.c...
compiling main.c...
compiling pwm.c...
compiling uart.c...
compiling uart0.c...
compiling uart2.c...
compiling uart3.c...
compiling anemometro.c...
compiling audio.c...
src\AUDIO\audio_muestras.h(5): warning:  #69-D: integer conversion resulted in truncation
src\AUDIO\audio_muestras.h(5): warning:  #69-D: integer conversion resulted in truncation
src\AUDIO\audio_muestras.h(5): warning:  #69-D: integer conversion resulted in truncation
src\AUDIO\audio_muestras.h(5): warning:  #69-D: integer conversion resulted in truncation
src\AUDIO\audio_muestras.h(5): warning:  #69-D: integer conversion resulted in truncation
src\AUDIO\audio_muestras.h(5): warning:  #69-D: integer conversion resulted in truncation
src\AUDIO\audio_muestras.h(5): warning:  #69-D: integer conversion resulted in truncation
src\AUDIO\audio_muestras.h(5): warning:  #69-D: integer conversion resulted in truncation
src\AUDIO\audio_muestras.h(5): warning:  #69-D: integer conversion resulted in truncation
src\AUDIO\audio_muestras.h(5): warning:  #69-D: integer conversion resulted in truncation
src\AUDIO\audio_muestras.h(5): warning:  #69-D: integer conversion resulted in truncation
src\AUDIO\audio_muestras.h(5): warning:  #69-D: integer conversion resulted in truncation
compiling lcddriver.c...
compiling visualizacion.c...
compiling temp-humedad.c...
compiling web.c...
linking...
Program Size: Code=43036 RO-data=32220 RW-data=256 ZI-data=41756  
".\build\obj\SEDA-Project.axf" - 0 Errors, 12 Warning(s).
Load "C:\\Users\\victo\\Documents\\SEDA-Project-main\\build\\obj\\SEDA-Project.axf" 
Set JLink Project File to "C:\Users\victo\Documents\SEDA-Project-main\JLinkSettings.ini"
* JLink Info: Device "LPC1768" selected (512 KB flash, 32 KB RAM).
 
JLink info:
------------
DLL: V4.68a, compiled Apr 12 2013 13:26:50
Firmware: J-Link ARM V8 compiled Nov 28 2014 13:44:46
Hardware: V8.00
S/N : 788529156 
Feature(s) : RDI,FlashDL,FlashBP,JFlash,GDB 
 
* JLink Info: TotalIRLen = 4, IRPrint = 0x01
* JLink Info: Found Cortex-M3 r2p0, Little endian.
* JLink Info: TPIU fitted.
* JLink Info: ETM fitted.
* JLink Info: FPUnit: 6 code (BP) slots and 2 literal slots
ROMTableAddr = 0xE00FF003
* JLink Info: Found Cortex-M3 r2p0, Little endian.
* JLink Info: TPIU fitted.
* JLink Info: ETM fitted.
* JLink Info: FPUnit: 6 code (BP) slots and 2 literal slots
 
Target info:
------------
Device: LPC1768
VTarget = 3.332V
State of Pins: 
TCK: 1, TDI: 1, TDO: 1, TMS: 0, TRES: 1, TRST: 1
Hardware-Breakpoints: 6
Software-Breakpoints: 8192
Watchpoints:          4
JTAG speed: 2000 kHz
 
Erase Done.
Programming Done.
Verify OK.
Rebuild target 'LPC1768'
custom translating Web.inp...
Custom: C:\Keil\ARM\bin\fcarm @.\src\TCP-IP\web\Web.inp
FCARM FILE CONVERTER V2.41
Completed 10 File(s), Ratio 74%
compiling Net_Config.c...
compiling Net_lib.c...
compiling EMAC_LPC17xx_LAN8720.c...
compiling system_LPC17xx.c...
assembling startup_LPC17xx.s...
compiling AsciiLib.c...
compiling font.c...
compiling GLCD.c...
compiling lpc17xx_clkpwr.c...
compiling lpc17xx_gpio.c...
compiling lpc17xx_libcfg_default.c...
compiling HTTP_CGI.c...
compiling tcp.c...
compiling main.c...
compiling pwm.c...
compiling uart.c...
compiling uart0.c...
compiling uart2.c...
compiling uart3.c...
compiling anemometro.c...
compiling audio.c...
src\AUDIO\audio_muestras.h(5): warning:  #69-D: integer conversion resulted in truncation
src\AUDIO\audio_muestras.h(5): warning:  #69-D: integer conversion resulted in truncation
src\AUDIO\audio_muestras.h(5): warning:  #69-D: integer conversion resulted in truncation
src\AUDIO\audio_muestras.h(5): warning:  #69-D: integer conversion resulted in truncation
src\AUDIO\audio_muestras.h(5): warning:  #69-D: integer conversion resulted in truncation
src\AUDIO\audio_muestras.h(5): warning:  #69-D: integer conversion resulted in truncation
src\AUDIO\audio_muestras.h(5): warning:  #69-D: integer conversion resulted in truncation
src\AUDIO\audio_muestras.h(5): warning:  #69-D: integer conversion resulted in truncation
src\AUDIO\audio_muestras.h(5): warning:  #69-D: integer conversion resulted in truncation
src\AUDIO\audio_muestras.h(5): warning:  #69-D: integer conversion resulted in truncation
src\AUDIO\audio_muestras.h(5): warning:  #69-D: integer conversion resulted in truncation
src\AUDIO\audio_muestras.h(5): warning:  #69-D: integer conversion resulted in truncation
compiling lcddriver.c...
compiling visualizacion.c...
compiling temp-humedad.c...
compiling web.c...
linking...
Program Size: Code=43036 RO-data=32220 RW-data=256 ZI-data=41756  
".\build\obj\SEDA-Project.axf" - 0 Errors, 12 Warning(s).
Load "C:\\Users\\victo\\Documents\\SEDA-Project-main\\build\\obj\\SEDA-Project.axf" 
Set JLink Project File to "C:\Users\victo\Documents\SEDA-Project-main\JLinkSettings.ini"
* JLink Info: Device "LPC1768" selected (512 KB flash, 32 KB RAM).
 
JLink info:
------------
DLL: V4.68a, compiled Apr 12 2013 13:26:50
Firmware: J-Link ARM V8 compiled Nov 28 2014 13:44:46
Hardware: V8.00
S/N : 788529156 
Feature(s) : RDI,FlashDL,FlashBP,JFlash,GDB 
 
* JLink Info: TotalIRLen = 4, IRPrint = 0x01
* JLink Info: Found Cortex-M3 r2p0, Little endian.
* JLink Info: TPIU fitted.
* JLink Info: ETM fitted.
* JLink Info: FPUnit: 6 code (BP) slots and 2 literal slots
ROMTableAddr = 0xE00FF003
* JLink Info: Found Cortex-M3 r2p0, Little endian.
* JLink Info: TPIU fitted.
* JLink Info: ETM fitted.
* JLink Info: FPUnit: 6 code (BP) slots and 2 literal slots
 
Target info:
------------
Device: LPC1768
VTarget = 3.325V
State of Pins: 
TCK: 1, TDI: 1, TDO: 1, TMS: 0, TRES: 1, TRST: 1
Hardware-Breakpoints: 6
Software-Breakpoints: 8192
Watchpoints:          4
JTAG speed: 2000 kHz
 
Erase Done.
Programming Done.
Verify OK.
