ARM Linker, 5.03 [Build 76] [MDK-ARM Professional]

==============================================================================

Section Cross References

    net_config.o(.text) refers to at_ethernet.o(i.eth_init_link) for eth_init_link
    net_config.o(.text) refers to at_ip.o(i.ip_init) for ip_init
    net_config.o(.text) refers to at_icmp.o(i.icmp_init) for icmp_init
    net_config.o(.text) refers to at_udp.o(i.udp_init) for udp_init
    net_config.o(.text) refers to at_tcp.o(i.tcp_init) for tcp_init
    net_config.o(.text) refers to at_http.o(i.http_init) for http_init
    net_config.o(.text) refers to at_arp.o(i.arp_notify) for arp_notify
    net_config.o(.text) refers to at_ethernet.o(i.eth_run_link) for eth_run_link
    net_config.o(.text) refers to at_ip.o(i.ip_run_local) for ip_run_local
    net_config.o(.text) refers to at_icmp.o(i.icmp_run_engine) for icmp_run_engine
    net_config.o(.text) refers to at_tcp.o(i.tcp_poll_sockets) for tcp_poll_sockets
    net_config.o(.text) refers to at_http.o(i.http_run_server) for http_run_server
    net_config.o(.constdata) refers to net_config.o(.bss) for mem_pool
    net_config.o(.constdata) refers to net_config.o(.data) for lhost_name
    net_config.o(.constdata) refers to net_config.o(.conststring) for .conststring
    emac_lpc17xx_lan8720.o(.text) refers to net_config.o(.data) for own_hw_adr
    emac_lpc17xx_lan8720.o(.text) refers to emac_lpc17xx_lan8720.o(.bss) for tx_buf
    emac_lpc17xx_lan8720.o(.text) refers to emac_lpc17xx_lan8720.o(.data) for tout
    emac_lpc17xx_lan8720.o(.text) refers to at_mem.o(i.alloc_mem) for alloc_mem
    emac_lpc17xx_lan8720.o(.text) refers to at_ethernet.o(i.put_in_queue) for put_in_queue
    system_lpc17xx.o(.text) refers to lludivv7m.o(.text) for __aeabi_uldivmod
    system_lpc17xx.o(.text) refers to system_lpc17xx.o(.data) for SystemCoreClock
    startup_lpc17xx.o(STACK) refers (Special) to heapauxi.o(.text) for __use_two_region_memory
    startup_lpc17xx.o(HEAP) refers (Special) to heapauxi.o(.text) for __use_two_region_memory
    startup_lpc17xx.o(RESET) refers (Special) to heapauxi.o(.text) for __use_two_region_memory
    startup_lpc17xx.o(RESET) refers to startup_lpc17xx.o(STACK) for __initial_sp
    startup_lpc17xx.o(RESET) refers to startup_lpc17xx.o(.text) for Reset_Handler
    startup_lpc17xx.o(RESET) refers to temp-humedad.o(.text) for TIMER0_IRQHandler
    startup_lpc17xx.o(RESET) refers to anemometro.o(.text) for TIMER3_IRQHandler
    startup_lpc17xx.o(RESET) refers to uart0.o(.text) for UART0_IRQHandler
    startup_lpc17xx.o(RESET) refers to uart2.o(.text) for UART2_IRQHandler
    startup_lpc17xx.o(RESET) refers to uart3.o(.text) for UART3_IRQHandler
    startup_lpc17xx.o(RESET) refers to audio.o(.text) for EINT0_IRQHandler
    startup_lpc17xx.o(RESET) refers to emac_lpc17xx_lan8720.o(.text) for ENET_IRQHandler
    startup_lpc17xx.o(.ARM.__at_0x02FC) refers (Special) to heapauxi.o(.text) for __use_two_region_memory
    startup_lpc17xx.o(.text) refers (Special) to heapauxi.o(.text) for __use_two_region_memory
    startup_lpc17xx.o(.text) refers to system_lpc17xx.o(.text) for SystemInit
    startup_lpc17xx.o(.text) refers to __main.o(!!!main) for __main
    startup_lpc17xx.o(.text) refers to startup_lpc17xx.o(HEAP) for Heap_Mem
    startup_lpc17xx.o(.text) refers to startup_lpc17xx.o(STACK) for Stack_Mem
    asciilib.o(.text) refers to rt_memcpy_v6.o(.text) for __aeabi_memcpy
    asciilib.o(.text) refers to asciilib.o(.constdata) for AsciiLib
    glcd.o(.text) refers to glcd.o(.data) for LCD_Code
    glcd.o(.text) refers to asciilib.o(.text) for GetASCIICode
    lpc17xx_clkpwr.o(.text) refers to system_lpc17xx.o(.data) for SystemCoreClock
    http_cgi.o(.text) refers to scanf1.o(x$fpl$scanf1) for _scanf_real
    http_cgi.o(.text) refers to _printf_pad.o(.text) for _printf_pre_padding
    http_cgi.o(.text) refers to _printf_truncate.o(.text) for _printf_truncate_unsigned
    http_cgi.o(.text) refers to _printf_percent.o(.ARM.Collect$$_printf_percent$$00000000) for _printf_percent
    http_cgi.o(.text) refers to _printf_d.o(.ARM.Collect$$_printf_percent$$00000009) for _printf_d
    http_cgi.o(.text) refers to _printf_i.o(.ARM.Collect$$_printf_percent$$00000008) for _printf_i
    http_cgi.o(.text) refers to _printf_u.o(.ARM.Collect$$_printf_percent$$0000000A) for _printf_u
    http_cgi.o(.text) refers to _printf_o.o(.ARM.Collect$$_printf_percent$$0000000B) for _printf_o
    http_cgi.o(.text) refers to _printf_x.o(.ARM.Collect$$_printf_percent$$0000000C) for _printf_x
    http_cgi.o(.text) refers to _printf_c.o(.ARM.Collect$$_printf_percent$$00000013) for _printf_c
    http_cgi.o(.text) refers to _printf_lc.o(.ARM.Collect$$_printf_percent$$00000015) for _printf_lc
    http_cgi.o(.text) refers to _printf_dec.o(.text) for _printf_int_dec
    http_cgi.o(.text) refers to _printf_oct_int.o(.text) for _printf_longlong_oct
[...]
    CAN_IRQHandler                           0x00000267   Thumb Code     0  startup_lpc17xx.o(.text)
    EINT1_IRQHandler                         0x00000267   Thumb Code     0  startup_lpc17xx.o(.text)
    EINT2_IRQHandler                         0x00000267   Thumb Code     0  startup_lpc17xx.o(.text)
    EINT3_IRQHandler                         0x00000267   Thumb Code     0  startup_lpc17xx.o(.text)
    I2C0_IRQHandler                          0x00000267   Thumb Code     0  startup_lpc17xx.o(.text)
    I2C1_IRQHandler                          0x00000267   Thumb Code     0  startup_lpc17xx.o(.text)
    I2C2_IRQHandler                          0x00000267   Thumb Code     0  startup_lpc17xx.o(.text)
    I2S_IRQHandler                           0x00000267   Thumb Code     0  startup_lpc17xx.o(.text)
    MCPWM_IRQHandler                         0x00000267   Thumb Code     0  startup_lpc17xx.o(.text)
    PLL0_IRQHandler                          0x00000267   Thumb Code     0  startup_lpc17xx.o(.text)
    PLL1_IRQHandler                          0x00000267   Thumb Code     0  startup_lpc17xx.o(.text)
    PWM1_IRQHandler                          0x00000267   Thumb Code     0  startup_lpc17xx.o(.text)
    QEI_IRQHandler                           0x00000267   Thumb Code     0  startup_lpc17xx.o(.text)
    RIT_IRQHandler                           0x00000267   Thumb Code     0  startup_lpc17xx.o(.text)
    RTC_IRQHandler                           0x00000267   Thumb Code     0  startup_lpc17xx.o(.text)
    SPI_IRQHandler                           0x00000267   Thumb Code     0  startup_lpc17xx.o(.text)
    SSP0_IRQHandler                          0x00000267   Thumb Code     0  startup_lpc17xx.o(.text)
    SSP1_IRQHandler                          0x00000267   Thumb Code     0  startup_lpc17xx.o(.text)
    TIMER1_IRQHandler                        0x00000267   Thumb Code     0  startup_lpc17xx.o(.text)
    TIMER2_IRQHandler                        0x00000267   Thumb Code     0  startup_lpc17xx.o(.text)
    UART1_IRQHandler                         0x00000267   Thumb Code     0  startup_lpc17xx.o(.text)
    USBActivity_IRQHandler                   0x00000267   Thumb Code     0  startup_lpc17xx.o(.text)
    USB_IRQHandler                           0x00000267   Thumb Code     0  startup_lpc17xx.o(.text)
    WDT_IRQHandler                           0x00000267   Thumb Code     0  startup_lpc17xx.o(.text)
    __user_initial_stackheap                 0x00000269   Thumb Code     0  startup_lpc17xx.o(.text)
    __init_TCP                               0x00000289   Thumb Code    30  tcp.o(.text)
    timer_poll                               0x000002a7   Thumb Code    20  tcp.o(.text)
    __unittest_TCP                           0x000002bb   Thumb Code    16  tcp.o(.text)
    __uart_init                              0x000002d1   Thumb Code    28  uart.o(.text)
    __unittest_UART                          0x000002ed   Thumb Code     8  uart.o(.text)
    __use_two_region_memory                  0x000002f5   Thumb Code     2  heapauxi.o(.text)
    __rt_heap_escrow$2region                 0x000002f7   Thumb Code     2  heapauxi.o(.text)
    __rt_heap_expand$2region                 0x000002f9   Thumb Code     2  heapauxi.o(.text)
    __I$use$semihosting                      0x000002fb   Thumb Code     0  use_no_semi.o(.text)
    __use_no_semihosting_swi                 0x000002fb   Thumb Code     2  use_no_semi.o(.text)
    int_enable_eth                           0x00000301   Thumb Code    24  emac_lpc17xx_lan8720.o(.text)
    int_disable_eth                          0x00000319   Thumb Code    18  emac_lpc17xx_lan8720.o(.text)
    setMac                                   0x0000032b   Thumb Code   182  emac_lpc17xx_lan8720.o(.text)
    __RL_TCP_VER                             0x00000472   Number         0  at_system.o ABSOLUTE
    init_ethernet                            0x000004f1   Thumb Code   724  emac_lpc17xx_lan8720.o(.text)
    send_frame                               0x000007c5   Thumb Code    70  emac_lpc17xx_lan8720.o(.text)
    ENET_IRQHandler                          0x0000080b   Thumb Code   156  emac_lpc17xx_lan8720.o(.text)
    SystemCoreClockUpdate                    0x000008d1   Thumb Code   424  system_lpc17xx.o(.text)
    SystemInit                               0x00000a79   Thumb Code   290  system_lpc17xx.o(.text)
    CLKPWR_SetPCLKDiv                        0x00000be9   Thumb Code   106  lpc17xx_clkpwr.o(.text)
    CLKPWR_GetPCLKSEL                        0x00000c53   Thumb Code    32  lpc17xx_clkpwr.o(.text)
    CLKPWR_GetPCLK                           0x00000c73   Thumb Code    58  lpc17xx_clkpwr.o(.text)
    CLKPWR_ConfigPPWR                        0x00000cad   Thumb Code    50  lpc17xx_clkpwr.o(.text)
    CLKPWR_Sleep                             0x00000cdf   Thumb Code    10  lpc17xx_clkpwr.o(.text)
    CLKPWR_DeepSleep                         0x00000ce9   Thumb Code    16  lpc17xx_clkpwr.o(.text)
    CLKPWR_PowerDown                         0x00000cf9   Thumb Code    16  lpc17xx_clkpwr.o(.text)
    CLKPWR_DeepPowerDown                     0x00000d09   Thumb Code    16  lpc17xx_clkpwr.o(.text)
    GPIO_SetDir                              0x00000dd5   Thumb Code    40  lpc17xx_gpio.o(.text)
    GPIO_SetValue                            0x00000dfd   Thumb Code    20  lpc17xx_gpio.o(.text)
    GPIO_ClearValue                          0x00000e11   Thumb Code    20  lpc17xx_gpio.o(.text)
    GPIO_ReadValue                           0x00000e25   Thumb Code    22  lpc17xx_gpio.o(.text)
    GPIO_IntCmd                              0x00000e3b   Thumb Code    54  lpc17xx_gpio.o(.text)
    GPIO_GetIntStatus                        0x00000e71   Thumb Code    86  lpc17xx_gpio.o(.text)
    GPIO_ClearInt                            0x00000ec7   Thumb Code    24  lpc17xx_gpio.o(.text)
    FIO_SetDir                               0x00000edf   Thumb Code    20  lpc17xx_gpio.o(.text)
    FIO_SetValue                             0x00000ef3   Thumb Code    16  lpc17xx_gpio.o(.text)
    FIO_ClearValue                           0x00000f03   Thumb Code    16  lpc17xx_gpio.o(.text)
    FIO_ReadValue                            0x00000f13   Thumb Code    12  lpc17xx_gpio.o(.text)
    FIO_IntCmd                               0x00000f1f   Thumb Code    20  lpc17xx_gpio.o(.text)
    FIO_GetIntStatus                         0x00000f33   Thumb Code    20  lpc17xx_gpio.o(.text)
    FIO_ClearInt                             0x00000f47   Thumb Code    16  lpc17xx_gpio.o(.text)
    FIO_SetMask                              0x00000f57   Thumb Code    40  lpc17xx_gpio.o(.text)
    FIO_HalfWordSetDir                       0x00000f7f   Thumb Code    62  lpc17xx_gpio.o(.text)
    FIO_HalfWordSetMask                      0x00000fbd   Thumb Code    62  lpc17xx_gpio.o(.text)
    FIO_HalfWordSetValue                     0x00000ffb   Thumb Code    32  lpc17xx_gpio.o(.text)
    FIO_HalfWordClearValue                   0x0000101b   Thumb Code    32  lpc17xx_gpio.o(.text)
    FIO_HalfWordReadValue                    0x0000103b   Thumb Code    30  lpc17xx_gpio.o(.text)
    FIO_ByteSetDir                           0x00001059   Thumb Code    50  lpc17xx_gpio.o(.text)
    FIO_ByteSetMask                          0x0000108b   Thumb Code    66  lpc17xx_gpio.o(.text)
    FIO_ByteSetValue                         0x000010cd   Thumb Code    34  lpc17xx_gpio.o(.text)
    FIO_ByteClearValue                       0x000010ef   Thumb Code    34  lpc17xx_gpio.o(.text)
    FIO_ByteReadValue                        0x00001111   Thumb Code    76  lpc17xx_gpio.o(.text)
    cgi_process_var                          0x0000115d   Thumb Code    64  http_cgi.o(.text)
    cgi_process_data                         0x0000119d   Thumb Code    12  http_cgi.o(.text)
    cgi_func                                 0x000011a9   Thumb Code   250  http_cgi.o(.text)
    main_loop                                0x000012cd   Thumb Code   354  main.o(.text)
    configure                                0x0000142f   Thumb Code   138  main.o(.text)
    main                                     0x000014b9   Thumb Code     8  main.o(.text)
    config_pwm1                              0x00001509   Thumb Code    64  pwm.o(.text)
    set_duty_cycle_pwm1                      0x00001549   Thumb Code    54  pwm.o(.text)
    tx_cadena_UART0                          0x00001599   Thumb Code    32  uart0.o(.text)
    uart0_getCommand                         0x000015b9   Thumb Code   254  uart0.o(.text)
    UART0_IRQHandler                         0x000016b7   Thumb Code   118  uart0.o(.text)
    uart0_init                               0x00001827   Thumb Code    76  uart0.o(.text)
    tx_cadena_UART2                          0x000019c1   Thumb Code    32  uart2.o(.text)
    uart2_getCommand                         0x000019e1   Thumb Code   254  uart2.o(.text)
    UART2_IRQHandler                         0x00001adf   Thumb Code   118  uart2.o(.text)
    uart2_init                               0x00001c4f   Thumb Code    90  uart2.o(.text)
    tx_cadena_UART3                          0x00001dfd   Thumb Code    32  uart3.o(.text)
    uart3_getCommand                         0x00001e1d   Thumb Code   254  uart3.o(.text)
    UART3_IRQHandler                         0x00001f1b   Thumb Code   118  uart3.o(.text)
    uart3_init                               0x0000208b   Thumb Code    90  uart3.o(.text)
    init_TIMER3_anemom                       0x00002239   Thumb Code   124  anemometro.o(.text)
    TIMER3_IRQHandler                        0x000022b5   Thumb Code   102  anemometro.o(.text)
    EINT0_IRQHandler                         0x0000234d   Thumb Code    16  audio.o(.text)
    init_ADC_audio                           0x0000235d   Thumb Code    70  audio.o(.text)
    init_DMA_ADC                             0x000023a3   Thumb Code    80  audio.o(.text)
    init_DMA_DAC                             0x000023f3   Thumb Code   122  audio.o(.text)
    DMA_IRQHandler                           0x0000246d   Thumb Code   158  audio.o(.text)
    init_DAC_audio                           0x0000250b   Thumb Code    32  audio.o(.text)
    init_TIMER0_audio                        0x0000252b   Thumb Code    72  audio.o(.text)
    init_TIMER1_audio                        0x00002573   Thumb Code    42  audio.o(.text)
    init_Externas                            0x0000259d   Thumb Code    98  audio.o(.text)
    writeCommand                             0x0000267d   Thumb Code   122  lcddriver.o(.text)
    writeRegister                            0x000026f7   Thumb Code   184  lcddriver.o(.text)
    goTo                                     0x000027af   Thumb Code    30  lcddriver.o(.text)
    goHome                                   0x000027cd   Thumb Code    12  lcddriver.o(.text)
    writeData_unsafe                         0x000027d9   Thumb Code    62  lcddriver.o(.text)
    drawChar                                 0x00002817   Thumb Code   238  lcddriver.o(.text)
    drawString                               0x00002905   Thumb Code    82  lcddriver.o(.text)
    drawPixel                                0x00002957   Thumb Code    72  lcddriver.o(.text)
    drawCircle                               0x0000299f   Thumb Code   242  lcddriver.o(.text)
    setRotation                              0x00002a91   Thumb Code   134  lcddriver.o(.text)
    drawFastLine                             0x00002b17   Thumb Code   150  lcddriver.o(.text)
    drawVerticalLine                         0x00002bad   Thumb Code    42  lcddriver.o(.text)
    fillCircle                               0x00002bd7   Thumb Code   196  lcddriver.o(.text)
    fillScreen                               0x00002c9b   Thumb Code    50  lcddriver.o(.text)
    drawHorizontalLine                       0x00002ccd   Thumb Code    42  lcddriver.o(.text)
    drawRect                                 0x00002cf7   Thumb Code    76  lcddriver.o(.text)
    fillRect                                 0x00002d43   Thumb Code   158  lcddriver.o(.text)
    drawLine                                 0x00002de1   Thumb Code   184  lcddriver.o(.text)
    LCD_IO_Configuration                     0x00002e99   Thumb Code    44  lcddriver.o(.text)
    lcdDelay                                 0x00002ec5   Thumb Code    30  lcddriver.o(.text)
    lcdInitDisplay                           0x00002ee3   Thumb Code   108  lcddriver.o(.text)
    writeData                                0x00002f4f   Thumb Code   132  lcddriver.o(.text)
    reset                                    0x00002fd3   Thumb Code    46  lcddriver.o(.text)
    getRotation                              0x00003001   Thumb Code     6  lcddriver.o(.text)
    readData                                 0x00003007   Thumb Code   136  lcddriver.o(.text)
    readRegister                             0x0000308f   Thumb Code    22  lcddriver.o(.text)
    representar_const_LCD                    0x000030b1   Thumb Code   246  visualizacion.o(.text)
    representar_temp_hum                     0x000031a7   Thumb Code   230  visualizacion.o(.text)
    representar_viento                       0x0000328d   Thumb Code    64  visualizacion.o(.text)
    TIMER0_IRQHandler                        0x0000339d   Thumb Code   200  temp-humedad.o(.text)
    init_ADC_sensores                        0x00003465   Thumb Code    68  temp-humedad.o(.text)
    init_TIMER0_sensores                     0x000034a9   Thumb Code   122  temp-humedad.o(.text)
    __aeabi_uldivmod                         0x00003581   Thumb Code     0  lludivv7m.o(.text)
    _ll_udiv                                 0x00003581   Thumb Code   238  lludivv7m.o(.text)
    __2sprintf                               0x00003671   Thumb Code    38  __2sprintf.o(.text)
    _printf_pre_padding                      0x0000369d   Thumb Code    46  _printf_pad.o(.text)
    _printf_post_padding                     0x000036cb   Thumb Code    36  _printf_pad.o(.text)
    _printf_truncate_signed                  0x000036ef   Thumb Code    18  _printf_truncate.o(.text)
    _printf_truncate_unsigned                0x00003701   Thumb Code    18  _printf_truncate.o(.text)
    _printf_str                              0x00003713   Thumb Code    82  _printf_str.o(.text)
    _printf_int_dec                          0x00003765   Thumb Code   102  _printf_dec.o(.text)
    _printf_wctomb                           0x000037dd   Thumb Code   182  _printf_wctomb.o(.text)
    _printf_int_oct                          0x00003899   Thumb Code    80  _printf_oct_int.o(.text)
    _printf_longlong_oct                     0x00003899   Thumb Code     0  _printf_oct_int.o(.text)
    _printf_int_hex                          0x000038f1   Thumb Code    88  _printf_hex_int.o(.text)
    _printf_longlong_hex                     0x000038f1   Thumb Code     0  _printf_hex_int.o(.text)
    __printf                                 0x0000394d   Thumb Code   390  __printf_flags_ss_wp.o(.text)
    __0sscanf                                0x00003ad9   Thumb Code    52  __0sscanf.o(.text)
    atoi                                     0x00003b15   Thumb Code    26  atoi.o(.text)
    strcpy                                   0x00003b2f   Thumb Code    72  strcpy.o(.text)
    strlen                                   0x00003b77   Thumb Code    62  strlen.o(.text)
    __aeabi_memclr                           0x00003bb5   Thumb Code     0  rt_memclr.o(.text)
    __rt_memclr                              0x00003bb5   Thumb Code    68  rt_memclr.o(.text)
    _memset                                  0x00003bb9   Thumb Code     0  rt_memclr.o(.text)
    strcmp                                   0x00003bf9   Thumb Code   128  strcmpv7m.o(.text)
    __aeabi_errno_addr                       0x00003c79   Thumb Code     8  rt_errno_addr_intlibspace.o(.text)
    __errno$intlibspace                      0x00003c79   Thumb Code     0  rt_errno_addr_intlibspace.o(.text)
    __rt_errno_addr$intlibspace              0x00003c79   Thumb Code     0  rt_errno_addr_intlibspace.o(.text)
    _printf_int_common                       0x00003c81   Thumb Code   184  _printf_intcommon.o(.text)
    __lib_sel_fp_printf                      0x00003d39   Thumb Code     2  _printf_fp_dec.o(.text)
    _printf_fp_dec_real                      0x00003ee5   Thumb Code   628  _printf_fp_dec.o(.text)
    _printf_fp_hex_real                      0x00004159   Thumb Code   760  _printf_fp_hex.o(.text)
    _printf_char_common                      0x00004463   Thumb Code    32  _printf_char_common.o(.text)
    _sputc                                   0x00004489   Thumb Code    10  _sputc.o(.text)
    _printf_cs_common                        0x00004493   Thumb Code    20  _printf_char.o(.text)
    _printf_char                             0x000044a7   Thumb Code    16  _printf_char.o(.text)
    _printf_string                           0x000044b7   Thumb Code     8  _printf_char.o(.text)
    _printf_lcs_common                       0x000044bf   Thumb Code    20  _printf_wchar.o(.text)
    _printf_wchar                            0x000044d3   Thumb Code    16  _printf_wchar.o(.text)
    _printf_wstring                          0x000044e3   Thumb Code     8  _printf_wchar.o(.text)
    _scanf_really_real                       0x000046e5   Thumb Code   672  scanf_fp.o(.text)
    __vfscanf_char                           0x0000499d   Thumb Code    24  scanf_char.o(.text)
    _sgetc                                   0x000049bd   Thumb Code    30  _sgetc.o(.text)
    _sbackspace                              0x000049db   Thumb Code    34  _sgetc.o(.text)
    strtol                                   0x000049fd   Thumb Code   112  strtol.o(.text)
    _wcrtomb                                 0x00004a6d   Thumb Code    64  _wcrtomb.o(.text)
    __aeabi_memclr4                          0x00004aad   Thumb Code     0  rt_memclr_w.o(.text)
    __aeabi_memclr8                          0x00004aad   Thumb Code     0  rt_memclr_w.o(.text)
    __rt_memclr_w                            0x00004aad   Thumb Code    78  rt_memclr_w.o(.text)
    _memset_w                                0x00004ab1   Thumb Code     0  rt_memclr_w.o(.text)
    __user_libspace                          0x00004afd   Thumb Code     8  libspace.o(.text)
    __user_perproc_libspace                  0x00004afd   Thumb Code     0  libspace.o(.text)
    __user_perthread_libspace                0x00004afd   Thumb Code     0  libspace.o(.text)
    __rt_ctype_table                         0x00004b05   Thumb Code    16  rt_ctype_table.o(.text)
    __rt_locale                              0x00004b15   Thumb Code     8  rt_locale_intlibspace.o(.text)
    _ll_udiv10                               0x00004b1d   Thumb Code   138  lludiv10.o(.text)
    isspace                                  0x00004ba7   Thumb Code    18  isspace.o(.text)
    _printf_fp_infnan                        0x00004bb9   Thumb Code   112  _printf_fp_infnan.o(.text)
    __vfscanf                                0x00004c39   Thumb Code   876  _scanf.o(.text)
    _strtoul                                 0x00004fa9   Thumb Code   158  _strtoul.o(.text)
    _btod_etento                             0x00005049   Thumb Code   222  bigflt0.o(.text)
    __user_setup_stackheap                   0x0000512d   Thumb Code    74  sys_stackheap_outer.o(.text)
    __read_errno                             0x00005177   Thumb Code    10  _rserrno.o(.text)
    __set_errno                              0x00005181   Thumb Code    12  _rserrno.o(.text)
    _chval                                   0x0000518d   Thumb Code    28  _chval.o(.text)
    _scanf_really_hex_real                   0x000051a9   Thumb Code   776  scanf_hexfp.o(.text)
    _scanf_really_infnan                     0x000054bd   Thumb Code   298  scanf_infnan.o(.text)
    exit                                     0x000055f9   Thumb Code    12  exit.o(.text)
    __aeabi_llsl                             0x00005605   Thumb Code     0  llshl.o(.text)
    _ll_shift_l                              0x00005605   Thumb Code    38  llshl.o(.text)
    _sys_exit                                0x0000562d   Thumb Code     8  sys_exit.o(.text)
    __semihosting_library_function           0x00005639   Thumb Code     0  indicate_semi.o(.text)
    _btod_d2e                                0x00005639   Thumb Code    62  btod.o(CL$$btod_d2e)
    _d2e_denorm_low                          0x00005677   Thumb Code    70  btod.o(CL$$btod_d2e_denorm_low)
    _d2e_norm_op1                            0x000056bd   Thumb Code    96  btod.o(CL$$btod_d2e_norm_op1)
    __btod_div_common                        0x0000571d   Thumb Code   696  btod.o(CL$$btod_div_common)
    _e2d                                     0x00005a55   Thumb Code    80  btod.o(CL$$btod_e2d)
    _e2e                                     0x00005aa9   Thumb Code   198  btod.o(CL$$btod_e2e)
    _btod_ediv                               0x00005b6f   Thumb Code    40  btod.o(CL$$btod_ediv)
    _btod_edivd                              0x00005b97   Thumb Code    40  btod.o(CL$$btod_edivd)
    _btod_emul                               0x00005bbf   Thumb Code    40  btod.o(CL$$btod_emul)
    _btod_emuld                              0x00005be7   Thumb Code    40  btod.o(CL$$btod_emuld)
    __btod_mult_common                       0x00005c0f   Thumb Code   580  btod.o(CL$$btod_mult_common)
    __ARM_fpclassify                         0x00005e53   Thumb Code    40  fpclassify.o(i.__ARM_fpclassify)
    __mathlib_dbl_underflow                  0x00005e7d   Thumb Code    10  dunder.o(i.__mathlib_dbl_underflow)
    __mathlib_narrow                         0x00005e8d   Thumb Code    16  narrow.o(i.__mathlib_narrow)
    __mathlib_tofloat                        0x00005e9d   Thumb Code   132  narrow.o(i.__mathlib_tofloat)
    __support_ldexp                          0x00005f25   Thumb Code    22  ldexp.o(i.__support_ldexp)
    _is_digit                                0x00005f3b   Thumb Code    14  __printf_wp.o(i._is_digit)
    alloc_mem                                0x00005f7d   Thumb Code   174  at_mem.o(i.alloc_mem)
    arp_cache_add                            0x00006035   Thumb Code   174  at_arp.o(i.arp_cache_add)
    arp_cache_early                          0x00006175   Thumb Code   142  at_arp.o(i.arp_cache_early)
    arp_cache_find                           0x0000620d   Thumb Code   168  at_arp.o(i.arp_cache_find)
    arp_cache_update                         0x000062c1   Thumb Code   228  at_arp.o(i.arp_cache_update)
    arp_init                                 0x000063b5   Thumb Code    34  at_arp.o(i.arp_init)
    arp_notify                               0x00006415   Thumb Code    26  at_arp.o(i.arp_notify)
    arp_process                              0x000064c5   Thumb Code   294  at_arp.o(i.arp_process)
    avail_mem                                0x00006755   Thumb Code    22  at_mem.o(i.avail_mem)
    b64_to_asc                               0x00006771   Thumb Code   120  at_lib.o(i.b64_to_asc)
    calc_chksum16be                          0x000067e9   Thumb Code    18  at_lib.o(i.calc_chksum16be)
    cgx_content_type                         0x000067fb   Thumb Code     4  at_http.o(i.cgx_content_type)
    chksum16_buf                             0x000069cd   Thumb Code    40  at_lib.o(i.chksum16_buf)
    chksum16_val                             0x000069f5   Thumb Code    10  at_lib.o(i.chksum16_val)
    eth_chk_adr                              0x00006a45   Thumb Code    10  at_ethernet.o(i.eth_chk_adr)
    eth_init_link                            0x00006a55   Thumb Code    40  at_ethernet.o(i.eth_init_link)
    eth_run_link                             0x00006a89   Thumb Code   194  at_ethernet.o(i.eth_run_link)
    eth_send_frame                           0x00006b5d   Thumb Code   150  at_ethernet.o(i.eth_send_frame)
    free_mem                                 0x00006c05   Thumb Code   124  at_mem.o(i.free_mem)
    frexp                                    0x00006c89   Thumb Code    80  frexp.o(i.frexp)
    get_rnd32                                0x00006dcd   Thumb Code    18  at_system.o(i.get_rnd32)
    http_accept_host                         0x00006dfb   Thumb Code     4  at_http.o(i.http_accept_host)
    http_check_account                       0x000070bd   Thumb Code     4  at_http.o(i.http_check_account)
    http_fclose                              0x00007249   Thumb Code     2  at_http_uif.o(i.http_fclose)
    http_fgets                               0x0000724b   Thumb Code     4  at_http_uif.o(i.http_fgets)
    http_file_access                         0x0000724f   Thumb Code     4  at_http.o(i.http_file_access)
    http_finfo                               0x00007253   Thumb Code     4  at_http_uif.o(i.http_finfo)
    http_fopen                               0x00007257   Thumb Code     4  at_http_uif.o(i.http_fopen)
    http_fread                               0x0000725b   Thumb Code     4  at_http_uif.o(i.http_fread)
    http_get_var                             0x00007261   Thumb Code   104  at_http.o(i.http_get_var)
    http_init                                0x000072cd   Thumb Code    72  at_http.o(i.http_init)
    http_run_server                          0x00007a89   Thumb Code   816  at_http.o(i.http_run_server)
    icmp_init                                0x00007e8d   Thumb Code    10  at_icmp.o(i.icmp_init)
    icmp_process                             0x00007e9d   Thumb Code   198  at_icmp.o(i.icmp_process)
    icmp_run_engine                          0x00007f69   Thumb Code    58  at_icmp.o(i.icmp_run_engine)
    ifree_mem                                0x00008021   Thumb Code    48  at_mem.o(i.ifree_mem)
    init_TcpNet                              0x00008059   Thumb Code    38  at_system.o(i.init_TcpNet)
    init_mem                                 0x00008089   Thumb Code    86  at_mem.o(i.init_mem)
    ip_chk_frame                             0x000080e9   Thumb Code   190  at_ip.o(i.ip_chk_frame)
    ip_get_locadr                            0x000081bd   Thumb Code   166  at_ip.o(i.ip_get_locadr)
    ip_init                                  0x00008275   Thumb Code     8  at_ip.o(i.ip_init)
    ip_run_local                             0x00008281   Thumb Code    82  at_ip.o(i.ip_run_local)
    ip_send_frame                            0x000082dd   Thumb Code   328  at_ip.o(i.ip_send_frame)
    is_subnet                                0x0000842d   Thumb Code    20  at_lib.o(i.is_subnet)
    ldexp                                    0x00008441   Thumb Code   126  ldexp.o(i.ldexp)
    main_TcpNet                              0x000084c1   Thumb Code    86  at_system.o(i.main_TcpNet)
    mem_comp                                 0x00008525   Thumb Code    24  at_lib.o(i.mem_comp)
    mem_copy                                 0x0000853d   Thumb Code    22  at_lib.o(i.mem_copy)
    mem_crc32                                0x00008553   Thumb Code    32  at_lib.o(i.mem_crc32)
    mem_set                                  0x00008573   Thumb Code    10  at_lib.o(i.mem_set)
    mem_test                                 0x0000857d   Thumb Code    20  at_lib.o(i.mem_test)
    nrd_u32be                                0x00008591   Thumb Code    22  at_lib.o(i.nrd_u32be)
    nwr_u32be                                0x000085a7   Thumb Code    16  at_lib.o(i.nwr_u32be)
    put_in_queue                             0x000085e1   Thumb Code    36  at_ethernet.o(i.put_in_queue)
    resize_mem                               0x000086a9   Thumb Code    68  at_mem.o(i.resize_mem)
    str_copy                                 0x0000873d   Thumb Code    18  at_lib.o(i.str_copy)
    str_crc32                                0x0000874f   Thumb Code    26  at_lib.o(i.str_crc32)
    str_pos                                  0x00008769   Thumb Code    22  at_lib.o(i.str_pos)
    str_scomp                                0x0000877f   Thumb Code    26  at_lib.o(i.str_scomp)
    tcp_abort                                0x00008799   Thumb Code    76  at_tcp.o(i.tcp_abort)
    tcp_close                                0x000087e9   Thumb Code   150  at_tcp.o(i.tcp_close)
    tcp_get_buf                              0x00008885   Thumb Code    32  at_tcp.o(i.tcp_get_buf)
    tcp_get_socket                           0x000088a5   Thumb Code    70  at_tcp.o(i.tcp_get_socket)
    tcp_get_state                            0x000088f1   Thumb Code    32  at_tcp.o(i.tcp_get_state)
    tcp_init                                 0x00008915   Thumb Code    18  at_tcp.o(i.tcp_init)
    tcp_listen                               0x0000892d   Thumb Code   102  at_tcp.o(i.tcp_listen)
    tcp_max_dsize                            0x00008a31   Thumb Code    30  at_tcp.o(i.tcp_max_dsize)
    tcp_poll_sockets                         0x00008ab5   Thumb Code   630  at_tcp.o(i.tcp_poll_sockets)
    tcp_process                              0x00008e55   Thumb Code  1164  at_tcp.o(i.tcp_process)
    tcp_send                                 0x000093b5   Thumb Code   204  at_tcp.o(i.tcp_send)
    timer_tick                               0x000096fd   Thumb Code    14  at_system.o(i.timer_tick)
    udp_init                                 0x00009711   Thumb Code    18  at_udp.o(i.udp_init)
    udp_process                              0x00009729   Thumb Code   178  at_udp.o(i.udp_process)
    _get_lc_numeric                          0x000098c1   Thumb Code    44  lc_numeric_c.o(locale$$code)
    _get_lc_ctype                            0x000098ed   Thumb Code    44  lc_ctype_c.o(locale$$code)
    __aeabi_d2f                              0x00009919   Thumb Code     0  d2f.o(x$fpl$d2f)
    _d2f                                     0x00009919   Thumb Code    98  d2f.o(x$fpl$d2f)
    __aeabi_dadd                             0x0000997d   Thumb Code     0  daddsub_clz.o(x$fpl$dadd)
    _dadd                                    0x0000997d   Thumb Code   332  daddsub_clz.o(x$fpl$dadd)
    __fpl_dcheck_NaN1                        0x00009acd   Thumb Code    10  dcheck1.o(x$fpl$dcheck1)
    __fpl_dcmp_Inf                           0x00009add   Thumb Code    24  dcmpi.o(x$fpl$dcmpinf)
    __aeabi_ddiv                             0x00009af5   Thumb Code     0  ddiv.o(x$fpl$ddiv)
    _ddiv                                    0x00009af5   Thumb Code   552  ddiv.o(x$fpl$ddiv)
    __aeabi_cdcmpeq                          0x00009da5   Thumb Code     0  deqf.o(x$fpl$deqf)
    _dcmpeq                                  0x00009da5   Thumb Code   120  deqf.o(x$fpl$deqf)
    __aeabi_i2d                              0x00009e1d   Thumb Code     0  dflt_clz.o(x$fpl$dflt)
    _dflt                                    0x00009e1d   Thumb Code    46  dflt_clz.o(x$fpl$dflt)
    __aeabi_ui2d                             0x00009e4b   Thumb Code     0  dflt_clz.o(x$fpl$dfltu)
    _dfltu                                   0x00009e4b   Thumb Code    38  dflt_clz.o(x$fpl$dfltu)
    __aeabi_cdcmple                          0x00009e71   Thumb Code     0  dleqf.o(x$fpl$dleqf)
    _dcmple                                  0x00009e71   Thumb Code   120  dleqf.o(x$fpl$dleqf)
    __fpl_dcmple_InfNaN                      0x00009ed3   Thumb Code     0  dleqf.o(x$fpl$dleqf)
    __aeabi_dmul                             0x00009ee9   Thumb Code     0  dmul.o(x$fpl$dmul)
    _dmul                                    0x00009ee9   Thumb Code   332  dmul.o(x$fpl$dmul)
    __fpl_dnaninf                            0x0000a03d   Thumb Code   156  dnaninf.o(x$fpl$dnaninf)
    __fpl_dretinf                            0x0000a0d9   Thumb Code    12  dretinf.o(x$fpl$dretinf)
    __aeabi_cdrcmple                         0x0000a0e5   Thumb Code     0  drleqf.o(x$fpl$drleqf)
    _drcmple                                 0x0000a0e5   Thumb Code   108  drleqf.o(x$fpl$drleqf)
    __aeabi_dsub                             0x0000a151   Thumb Code     0  daddsub_clz.o(x$fpl$dsub)
    _dsub                                    0x0000a151   Thumb Code   464  daddsub_clz.o(x$fpl$dsub)
    __aeabi_f2d                              0x0000a325   Thumb Code     0  f2d.o(x$fpl$f2d)
    _f2d                                     0x0000a325   Thumb Code    86  f2d.o(x$fpl$f2d)
    __fpl_fcmp_Inf                           0x0000a37b   Thumb Code    24  fcmpi.o(x$fpl$fcmpinf)
    __aeabi_fdiv                             0x0000a395   Thumb Code     0  fdiv.o(x$fpl$fdiv)
    _fdiv                                    0x0000a395   Thumb Code   384  fdiv.o(x$fpl$fdiv)
    __aeabi_f2uiz                            0x0000a519   Thumb Code     0  ffixu.o(x$fpl$ffixu)
    _ffixu                                   0x0000a519   Thumb Code    62  ffixu.o(x$fpl$ffixu)
    __aeabi_ui2f                             0x0000a559   Thumb Code     0  fflt_clz.o(x$fpl$ffltu)
    _ffltu                                   0x0000a559   Thumb Code    38  fflt_clz.o(x$fpl$ffltu)
    __aeabi_cfcmple                          0x0000a581   Thumb Code     0  fleqf.o(x$fpl$fleqf)
    _fcmple                                  0x0000a581   Thumb Code   104  fleqf.o(x$fpl$fleqf)
    __fpl_fcmple_InfNaN                      0x0000a5d3   Thumb Code     0  fleqf.o(x$fpl$fleqf)
    __aeabi_fmul                             0x0000a5e9   Thumb Code     0  fmul.o(x$fpl$fmul)
    _fmul                                    0x0000a5e9   Thumb Code   258  fmul.o(x$fpl$fmul)
    __fpl_fnaninf                            0x0000a6eb   Thumb Code   140  fnaninf.o(x$fpl$fnaninf)
    __fpl_fretinf                            0x0000a777   Thumb Code    10  fretinf.o(x$fpl$fretinf)
    __aeabi_cfrcmple                         0x0000a781   Thumb Code     0  frleqf.o(x$fpl$frleqf)
    _frcmple                                 0x0000a781   Thumb Code    98  frleqf.o(x$fpl$frleqf)
    _printf_fp_dec                           0x0000a7e3   Thumb Code     4  printf1.o(x$fpl$printf1)
    _printf_fp_hex                           0x0000a7e7   Thumb Code     4  printf2.o(x$fpl$printf2)
    __fpl_return_NaN                         0x0000a7eb   Thumb Code   100  retnan.o(x$fpl$retnan)
    __ARM_scalbn                             0x0000a84f   Thumb Code    92  scalbn.o(x$fpl$scalbn)
    _scanf_real                              0x0000a8ab   Thumb Code     4  scanf1.o(x$fpl$scanf1)
    _scanf_hex_real                          0x0000a8af   Thumb Code     4  scanf2.o(x$fpl$scanf2)
    _scanf_infnan                            0x0000a8b3   Thumb Code     4  scanf2.o(x$fpl$scanf2)
    __fpl_cmpreturn                          0x0000a8b7   Thumb Code    48  trapv.o(x$fpl$trapveneer)
    __I$use$fp                               0x0000a8e6   Number         0  usenofp.o(x$fpl$usenofp)
    nlocalm                                  0x0000a8e8   Data          60  net_config.o(.constdata)
    sys_config                               0x0000a924   Data          16  net_config.o(.constdata)
    arp_config                               0x0000a934   Data          12  net_config.o(.constdata)
    udp_config                               0x0000a940   Data           8  net_config.o(.constdata)
    tcp_config                               0x0000a948   Data          24  net_config.o(.constdata)
    http_config                              0x0000a960   Data          24  net_config.o(.constdata)
    FONT8x8                                  0x0000a978   Data         776  font.o(.constdata)
    FONT8x16                                 0x0000ac80   Data        1552  font.o(.constdata)
    FONT16x24                                0x0000b290   Data        4656  font.o(.constdata)
    muestras                                 0x0000c7c0   Data       15872  audio.o(.constdata)
    FileMD                                   0x000106a4   Data           4  web.o(.constdata)
    FileTab                                  0x00012024   Data          88  web.o(.constdata)
    IP_Broadcast                             0x00012082   Data           4  at_ip.o(.constdata)
    MAC_Broadcast                            0x0001217e   Data           6  at_ethernet.o(.constdata)
    http_err_401                             0x00012184   Data          86  http_err.o(.constdata)
    http_err_403                             0x000121da   Data          81  http_err.o(.constdata)
    http_err_404                             0x0001222b   Data          78  http_err.o(.constdata)
    http_err_501                             0x00012279   Data          75  http_err.o(.constdata)
    http_err_head                            0x000122c4   Data          47  http_err.o(.constdata)
    http_err_foot                            0x000122f3   Data         136  http_err.o(.constdata)
    Region$$Table$$Base                      0x00012494   Number         0  anon$$obj.o(Region$$Table)
    Region$$Table$$Limit                     0x000124c4   Number         0  anon$$obj.o(Region$$Table)
    __aeabi_HUGE_VAL                         0x000124c4   Data           0  fpconst.o(c$$dinf)
    __aeabi_HUGE_VALL                        0x000124c4   Data           0  fpconst.o(c$$dinf)
    __aeabi_INFINITY                         0x000124c4   Data           0  fpconst.o(c$$dinf)
    __dInf                                   0x000124c4   Data           0  fpconst.o(c$$dinf)
    __huge_val                               0x000124c4   Data           0  fpconst.o(c$$dinf)
    __ctype                                  0x000124f5   Data           0  lc_ctype_c.o(locale$$data)
    lhost_name                               0x10000000   Data          16  net_config.o(.data)
    own_hw_adr                               0x10000010   Data           6  net_config.o(.data)
    iap_entry                                0x1000002c   Data           4  emac_lpc17xx_lan8720.o(.data)
    SystemCoreClock                          0x10000040   Data           4  system_lpc17xx.o(.data)
    umbral_temperatura                       0x10000044   Data           4  main.o(.data)
    humedad                                  0x10000048   Data           4  main.o(.data)
    temperatura                              0x1000004c   Data           4  main.o(.data)
    veloc_viento                             0x10000050   Data           4  main.o(.data)
    temperatura2                             0x10000054   Data           4  main.o(.data)
    presion                                  0x10000058   Data           4  main.o(.data)
    alarma                                   0x1000005c   Data           4  main.o(.data)
    ventilador                               0x10000060   Data           4  main.o(.data)
    state                                    0x10000064   Data           4  main.o(.data)
    reproducir                               0x10000068   Data           4  main.o(.data)
    fin_reproduccion                         0x1000006c   Data           4  main.o(.data)
    sensor                                   0x10000070   Data           4  main.o(.data)
    pulsado                                  0x10000074   Data           4  main.o(.data)
    grabacion_completa                       0x10000078   Data           4  main.o(.data)
    viento                                   0x1000007c   Data           4  main.o(.data)
    update_flag                              0x10000080   Data           4  main.o(.data)
    update_viento                            0x10000084   Data           4  main.o(.data)
    irq_cnt                                  0x10000088   Data           4  main.o(.data)
    uart0_state                              0x1000008c   Data           4  uart0.o(.data)
    uart0_ptr_rx                             0x10000090   Data           4  uart0.o(.data)
    uart0_ptr_tx                             0x10000094   Data           4  uart0.o(.data)
    uart0_rx_completa                        0x10000098   Data           1  uart0.o(.data)
    uart0_tx_completa                        0x10000099   Data           1  uart0.o(.data)
    uart2_state                              0x1000009c   Data           4  uart2.o(.data)
    uart2_ptr_rx                             0x100000a0   Data           4  uart2.o(.data)
    uart2_ptr_tx                             0x100000a4   Data           4  uart2.o(.data)
    uart2_rx_completa                        0x100000a8   Data           1  uart2.o(.data)
    uart2_tx_completa                        0x100000a9   Data           1  uart2.o(.data)
    uart3_state                              0x100000ac   Data           4  uart3.o(.data)
    uart3_ptr_rx                             0x100000b0   Data           4  uart3.o(.data)
    uart3_ptr_tx                             0x100000b4   Data           4  uart3.o(.data)
    uart3_rx_completa                        0x100000b8   Data           1  uart3.o(.data)
    uart3_tx_completa                        0x100000b9   Data           1  uart3.o(.data)
    existe_grabacion                         0x100000c4   Data           4  audio.o(.data)
    pulsado_ADC                              0x100000c8   Data           4  audio.o(.data)
    _width                                   0x100000d0   Data           2  lcddriver.o(.data)
    _height                                  0x100000d2   Data           2  lcddriver.o(.data)
    rotation                                 0x100000d4   Data           1  lcddriver.o(.data)
    cnt                                      0x100000d8   Data           4  temp-humedad.o(.data)
    uart0_tx_buffer                          0x10000100   Data         150  uart0.o(.bss)
    uart0_rx_buffer                          0x10000196   Data          30  uart0.o(.bss)
    uart2_tx_buffer                          0x100001b4   Data         150  uart2.o(.bss)
    uart2_rx_buffer                          0x1000024a   Data          30  uart2.o(.bss)
    uart3_tx_buffer                          0x10000268   Data         150  uart3.o(.bss)
    uart3_rx_buffer                          0x100002fe   Data          30  uart3.o(.bss)
    muestras_grab                            0x1000031c   Data       16000  audio.o(.bss)
    array                                    0x1000419c   Data          30  visualizacion.o(.bss)
    localm                                   0x10004260   Data          60  at_system.o(.bss)
    sys_control                              0x1000429c   Data          16  at_system.o(.bss)
    __libspace_start                         0x100042ac   Data          96  libspace.o(.bss)
    __temporary_stack_top$libspace           0x1000430c   Data           0  libspace.o(.bss)



==============================================================================

Memory Map of the image

  Image Entry point : 0x000000cd

  Load Region LR_IROM1 (Base: 0x00000000, Size: 0x000126f8, Max: 0x00080000, ABSOLUTE)

    Execution Region ER_IROM1 (Base: 0x00000000, Size: 0x000125f8, Max: 0x00080000, ABSOLUTE)

    Base Addr    Size         Type   Attr      Idx    E Section Name        Object

    0x00000000   0x000000cc   Data   RO          117    RESET               startup_lpc17xx.o
    0x000000cc   0x00000008   Code   RO         1255  * !!!main             c_w.l(__main.o)
    0x000000d4   0x00000034   Code   RO         1632    !!!scatter          c_w.l(__scatter.o)
    0x00000108   0x0000001a   Code   RO         1634    !!handler_copy      c_w.l(__scatter_copy.o)
    0x00000122   0x00000002   PAD
    0x00000124   0x0000001c   Code   RO         1636    !!handler_zi        c_w.l(__scatter_zi.o)
    0x00000140   0x00000000   Code   RO         1237    .ARM.Collect$$_printf_percent$$00000000  c_w.l(_printf_percent.o)
    0x00000140   0x00000006   Code   RO         1233    .ARM.Collect$$_printf_percent$$00000003  c_w.l(_printf_f.o)
    0x00000146   0x00000006   Code   RO         1234    .ARM.Collect$$_printf_percent$$00000004  c_w.l(_printf_e.o)
    0x0000014c   0x00000006   Code   RO         1235    .ARM.Collect$$_printf_percent$$00000005  c_w.l(_printf_g.o)
    0x00000152   0x00000006   Code   RO         1236    .ARM.Collect$$_printf_percent$$00000006  c_w.l(_printf_a.o)
    0x00000158   0x00000006   Code   RO         1230    .ARM.Collect$$_printf_percent$$00000008  c_w.l(_printf_i.o)
    0x0000015e   0x00000006   Code   RO         1231    .ARM.Collect$$_printf_percent$$00000009  c_w.l(_printf_d.o)
    0x00000164   0x00000006   Code   RO         1232    .ARM.Collect$$_printf_percent$$0000000A  c_w.l(_printf_u.o)
    0x0000016a   0x00000006   Code   RO         1229    .ARM.Collect$$_printf_percent$$0000000B  c_w.l(_printf_o.o)
    0x00000170   0x00000006   Code   RO         1228    .ARM.Collect$$_printf_percent$$0000000C  c_w.l(_printf_x.o)
    0x00000176   0x0000000a   Code   RO         1335    .ARM.Collect$$_printf_percent$$00000012  c_w.l(_printf_l.o)
    0x00000180   0x00000006   Code   RO         1226    .ARM.Collect$$_printf_percent$$00000013  c_w.l(_printf_c.o)
    0x00000186   0x00000006   Code   RO         1227    .ARM.Collect$$_printf_percent$$00000014  c_w.l(_printf_s.o)
    0x0000018c   0x00000006   Code   RO         1238    .ARM.Collect$$_printf_percent$$00000015  c_w.l(_printf_lc.o)
    0x00000192   0x00000004   Code   RO         1334    .ARM.Collect$$_printf_percent$$00000017  c_w.l(_printf_percent_end.o)
    0x00000196   0x00000002   Code   RO         1471    .ARM.Collect$$libinit$$00000000  c_w.l(libinit.o)
    0x00000198   0x00000000   Code   RO         1473    .ARM.Collect$$libinit$$00000002  c_w.l(libinit2.o)
    0x00000198   0x00000000   Code   RO         1476    .ARM.Collect$$libinit$$00000008  c_w.l(libinit2.o)
    0x00000198   0x00000000   Code   RO         1478    .ARM.Collect$$libinit$$0000000A  c_w.l(libinit2.o)
    0x00000198   0x00000000   Code   RO         1480    .ARM.Collect$$libinit$$0000000C  c_w.l(libinit2.o)
    0x00000198   0x00000006   Code   RO         1481    .ARM.Collect$$libinit$$0000000D  c_w.l(libinit2.o)
    0x0000019e   0x00000000   Code   RO         1483    .ARM.Collect$$libinit$$0000000F  c_w.l(libinit2.o)
    0x0000019e   0x0000000c   Code   RO         1484    .ARM.Collect$$libinit$$00000010  c_w.l(libinit2.o)
    0x000001aa   0x00000000   Code   RO         1485    .ARM.Collect$$libinit$$00000011  c_w.l(libinit2.o)
    0x000001aa   0x00000000   Code   RO         1487    .ARM.Collect$$libinit$$00000013  c_w.l(libinit2.o)
    0x000001aa   0x0000000a   Code   RO         1488    .ARM.Collect$$libinit$$00000014  c_w.l(libinit2.o)
    0x000001b4   0x00000000   Code   RO         1489    .ARM.Collect$$libinit$$00000015  c_w.l(libinit2.o)
    0x000001b4   0x00000000   Code   RO         1491    .ARM.Collect$$libinit$$00000017  c_w.l(libinit2.o)
    0x000001b4   0x00000000   Code   RO         1493    .ARM.Collect$$libinit$$00000019  c_w.l(libinit2.o)
    0x000001b4   0x00000000   Code   RO         1495    .ARM.Collect$$libinit$$0000001B  c_w.l(libinit2.o)
    0x000001b4   0x00000000   Code   RO         1497    .ARM.Collect$$libinit$$0000001D  c_w.l(libinit2.o)
    0x000001b4   0x00000000   Code   RO         1499    .ARM.Collect$$libinit$$0000001F  c_w.l(libinit2.o)
    0x000001b4   0x00000000   Code   RO         1501    .ARM.Collect$$libinit$$00000021  c_w.l(libinit2.o)
    0x000001b4   0x00000000   Code   RO         1503    .ARM.Collect$$libinit$$00000023  c_w.l(libinit2.o)
    0x000001b4   0x00000000   Code   RO         1507    .ARM.Collect$$libinit$$0000002A  c_w.l(libinit2.o)
    0x000001b4   0x00000000   Code   RO         1509    .ARM.Collect$$libinit$$0000002C  c_w.l(libinit2.o)
    0x000001b4   0x00000000   Code   RO         1511    .ARM.Collect$$libinit$$0000002E  c_w.l(libinit2.o)
    0x000001b4   0x00000000   Code   RO         1513    .ARM.Collect$$libinit$$00000030  c_w.l(libinit2.o)
    0x000001b4   0x00000002   Code   RO         1514    .ARM.Collect$$libinit$$00000031  c_w.l(libinit2.o)
    0x000001b6   0x00000002   Code   RO         1594    .ARM.Collect$$libshutdown$$00000000  c_w.l(libshutdown.o)
    0x000001b8   0x00000000   Code   RO         1615    .ARM.Collect$$libshutdown$$00000003  c_w.l(libshutdown2.o)
    0x000001b8   0x00000000   Code   RO         1618    .ARM.Collect$$libshutdown$$00000006  c_w.l(libshutdown2.o)
    0x000001b8   0x00000000   Code   RO         1621    .ARM.Collect$$libshutdown$$00000009  c_w.l(libshutdown2.o)
    0x000001b8   0x00000000   Code   RO         1623    .ARM.Collect$$libshutdown$$0000000B  c_w.l(libshutdown2.o)
    0x000001b8   0x00000000   Code   RO         1626    .ARM.Collect$$libshutdown$$0000000E  c_w.l(libshutdown2.o)
    0x000001b8   0x00000002   Code   RO         1627    .ARM.Collect$$libshutdown$$0000000F  c_w.l(libshutdown2.o)
    0x000001ba   0x00000000   Code   RO         1309    .ARM.Collect$$rtentry$$00000000  c_w.l(rtentry.o)
    0x000001ba   0x00000000   Code   RO         1365    .ARM.Collect$$rtentry$$00000002  c_w.l(rtentry2.o)
    0x000001ba   0x00000006   Code   RO         1377    .ARM.Collect$$rtentry$$00000004  c_w.l(rtentry4.o)
    0x000001c0   0x00000000   Code   RO         1367    .ARM.Collect$$rtentry$$00000009  c_w.l(rtentry2.o)
    0x000001c0   0x00000004   Code   RO         1368    .ARM.Collect$$rtentry$$0000000A  c_w.l(rtentry2.o)
    0x000001c4   0x00000000   Code   RO         1370    .ARM.Collect$$rtentry$$0000000C  c_w.l(rtentry2.o)
    0x000001c4   0x00000008   Code   RO         1371    .ARM.Collect$$rtentry$$0000000D  c_w.l(rtentry2.o)
    0x000001cc   0x00000002   Code   RO         1523    .ARM.Collect$$rtexit$$00000000  c_w.l(rtexit.o)
    0x000001ce   0x00000000   Code   RO         1558    .ARM.Collect$$rtexit$$00000002  c_w.l(rtexit2.o)
    0x000001ce   0x00000004   Code   RO         1559    .ARM.Collect$$rtexit$$00000003  c_w.l(rtexit2.o)
    0x000001d2   0x00000006   Code   RO         1560    .ARM.Collect$$rtexit$$00000004  c_w.l(rtexit2.o)
    0x000001d8   0x00000074   Code   RO            1    .text               net_config.o
    0x0000024c   0x0000003c   Code   RO          119    .text               startup_lpc17xx.o
    0x00000288   0x00000048   Code   RO          290    .text               tcp.o
    0x000002d0   0x00000024   Code   RO          439    .text               uart.o
    0x000002f4   0x00000006   Code   RO         1253    .text               c_w.l(heapauxi.o)
    0x000002fa   0x00000002   Code   RO         1581    .text               c_w.l(use_no_semi.o)
    0x000002fc   0x00000004   Code   RO          118    .ARM.__at_0x02FC    startup_lpc17xx.o
    0x00000300   0x000005d0   Code   RO           35    .text               emac_lpc17xx_lan8720.o
    0x000008d0   0x00000318   Code   RO           84    .text               system_lpc17xx.o
    0x00000be8   0x00000150   Code   RO          191    .text               lpc17xx_clkpwr.o
    0x00000d38   0x00000424   Code   RO          214    .text               lpc17xx_gpio.o
    0x0000115c   0x00000170   Code   RO          256    .text               http_cgi.o
    0x000012cc   0x0000023c   Code   RO          310    .text               main.o
    0x00001508   0x00000090   Code   RO          378    .text               pwm.o
    0x00001598   0x00000428   Code   RO          466    .text               uart0.o
    0x000019c0   0x0000043c   Code   RO          495    .text               uart2.o
    0x00001dfc   0x0000043c   Code   RO          520    .text               uart3.o
    0x00002238   0x00000114   Code   RO          545    .text               anemometro.o
    0x0000234c   0x00000330   Code   RO          607    .text               audio.o
    0x0000267c   0x00000a34   Code   RO          676    .text               lcddriver.o
    0x000030b0   0x000002ec   Code   RO          704    .text               visualizacion.o
    0x0000339c   0x000001e4   Code   RO          764    .text               temp-humedad.o
    0x00003580   0x000000ee   Code   RO         1160    .text               c_w.l(lludivv7m.o)
    0x0000366e   0x00000002   PAD
    0x00003670   0x0000002c   Code   RO         1162    .text               c_w.l(__2sprintf.o)
    0x0000369c   0x00000052   Code   RO         1168    .text               c_w.l(_printf_pad.o)
    0x000036ee   0x00000024   Code   RO         1170    .text               c_w.l(_printf_truncate.o)
    0x00003712   0x00000052   Code   RO         1172    .text               c_w.l(_printf_str.o)
    0x00003764   0x00000078   Code   RO         1174    .text               c_w.l(_printf_dec.o)
    0x000037dc   0x000000bc   Code   RO         1176    .text               c_w.l(_printf_wctomb.o)
    0x00003898   0x00000058   Code   RO         1181    .text               c_w.l(_printf_oct_int.o)
    0x000038f0   0x0000005c   Code   RO         1188    .text               c_w.l(_printf_hex_int.o)
    0x0000394c   0x0000018c   Code   RO         1223    .text               c_w.l(__printf_flags_ss_wp.o)
    0x00003ad8   0x0000003c   Code   RO         1239    .text               c_w.l(__0sscanf.o)
    0x00003b14   0x0000001a   Code   RO         1241    .text               c_w.l(atoi.o)
    0x00003b2e   0x00000048   Code   RO         1243    .text               c_w.l(strcpy.o)
    0x00003b76   0x0000003e   Code   RO         1245    .text               c_w.l(strlen.o)
    0x00003bb4   0x00000044   Code   RO         1249    .text               c_w.l(rt_memclr.o)
    0x00003bf8   0x00000080   Code   RO         1251    .text               c_w.l(strcmpv7m.o)
    0x00003c78   0x00000008   Code   RO         1317    .text               c_w.l(rt_errno_addr_intlibspace.o)
    0x00003c80   0x000000b8   Code   RO         1319    .text               c_w.l(_printf_intcommon.o)
    0x00003d38   0x00000420   Code   RO         1321    .text               c_w.l(_printf_fp_dec.o)
    0x00004158   0x00000300   Code   RO         1323    .text               c_w.l(_printf_fp_hex.o)
    0x00004458   0x00000030   Code   RO         1326    .text               c_w.l(_printf_char_common.o)
    0x00004488   0x0000000a   Code   RO         1328    .text               c_w.l(_sputc.o)
    0x00004492   0x0000002c   Code   RO         1330    .text               c_w.l(_printf_char.o)
    0x000044be   0x0000002c   Code   RO         1332    .text               c_w.l(_printf_wchar.o)
    0x000044ea   0x00000002   PAD
    0x000044ec   0x000004a4   Code   RO         1336    .text               c_w.l(scanf_fp.o)
    0x00004990   0x0000002c   Code   RO         1338    .text               c_w.l(scanf_char.o)
    0x000049bc   0x00000040   Code   RO         1340    .text               c_w.l(_sgetc.o)
    0x000049fc   0x00000070   Code   RO         1342    .text               c_w.l(strtol.o)
    0x00004a6c   0x00000040   Code   RO         1344    .text               c_w.l(_wcrtomb.o)
    0x00004aac   0x0000004e   Code   RO         1348    .text               c_w.l(rt_memclr_w.o)
    0x00004afa   0x00000002   PAD
    0x00004afc   0x00000008   Code   RO         1361    .text               c_w.l(libspace.o)
    0x00004b04   0x00000010   Code   RO         1379    .text               c_w.l(rt_ctype_table.o)
    0x00004b14   0x00000008   Code   RO         1386    .text               c_w.l(rt_locale_intlibspace.o)
    0x00004b1c   0x0000008a   Code   RO         1388    .text               c_w.l(lludiv10.o)
    0x00004ba6   0x00000012   Code   RO         1390    .text               c_w.l(isspace.o)
    0x00004bb8   0x00000080   Code   RO         1392    .text               c_w.l(_printf_fp_infnan.o)
    0x00004c38   0x00000370   Code   RO         1396    .text               c_w.l(_scanf.o)
    0x00004fa8   0x0000009e   Code   RO         1398    .text               c_w.l(_strtoul.o)
    0x00005046   0x00000002   PAD
    0x00005048   0x000000e4   Code   RO         1400    .text               c_w.l(bigflt0.o)
    0x0000512c   0x0000004a   Code   RO         1447    .text               c_w.l(sys_stackheap_outer.o)
    0x00005176   0x00000016   Code   RO         1449    .text               c_w.l(_rserrno.o)
    0x0000518c   0x0000001c   Code   RO         1451    .text               c_w.l(_chval.o)
    0x000051a8   0x00000314   Code   RO         1453    .text               c_w.l(scanf_hexfp.o)
    0x000054bc   0x0000013c   Code   RO         1455    .text               c_w.l(scanf_infnan.o)
    0x000055f8   0x0000000c   Code   RO         1460    .text               c_w.l(exit.o)
    0x00005604   0x00000026   Code   RO         1527    .text               c_w.l(llshl.o)
    0x0000562a   0x00000002   PAD
    0x0000562c   0x0000000c   Code   RO         1555    .text               c_w.l(sys_exit.o)
    0x00005638   0x00000000   Code   RO         1583    .text               c_w.l(indicate_semi.o)
    0x00005638   0x0000003e   Code   RO         1403    CL$$btod_d2e        c_w.l(btod.o)
    0x00005676   0x00000046   Code   RO         1405    CL$$btod_d2e_denorm_low  c_w.l(btod.o)
    0x000056bc   0x00000060   Code   RO         1404    CL$$btod_d2e_norm_op1  c_w.l(btod.o)
    0x0000571c   0x00000338   Code   RO         1413    CL$$btod_div_common  c_w.l(btod.o)
    0x00005a54   0x00000054   Code   RO         1411    CL$$btod_e2d        c_w.l(btod.o)
    0x00005aa8   0x000000c6   Code   RO         1410    CL$$btod_e2e        c_w.l(btod.o)
    0x00005b6e   0x00000028   Code   RO         1407    CL$$btod_ediv       c_w.l(btod.o)
    0x00005b96   0x00000028   Code   RO         1409    CL$$btod_edivd      c_w.l(btod.o)
    0x00005bbe   0x00000028   Code   RO         1406    CL$$btod_emul       c_w.l(btod.o)
    0x00005be6   0x00000028   Code   RO         1408    CL$$btod_emuld      c_w.l(btod.o)
    0x00005c0e   0x00000244   Code   RO         1412    CL$$btod_mult_common  c_w.l(btod.o)
    0x00005e52   0x00000028   Code   RO         1439    i.__ARM_fpclassify  m_ws.l(fpclassify.o)
    0x00005e7a   0x00000002   PAD
    0x00005e7c   0x00000010   Code   RO         1574    i.__mathlib_dbl_underflow  m_ws.l(dunder.o)
    0x00005e8c   0x00000010   Code   RO         1441    i.__mathlib_narrow  m_ws.l(narrow.o)
    0x00005e9c   0x00000088   Code   RO         1442    i.__mathlib_tofloat  m_ws.l(narrow.o)
    0x00005f24   0x00000016   Code   RO         1544    i.__support_ldexp   m_ws.l(ldexp.o)
    0x00005f3a   0x0000000e   Code   RO         1216    i._is_digit         c_w.l(__printf_wp.o)
    0x00005f48   0x00000034   Code   RO          983    i.add_server_id     TCP_CM3.lib(at_http.o)
    0x00005f7c   0x000000b8   Code   RO         1119    i.alloc_mem         TCP_CM3.lib(at_mem.o)
    0x00006034   0x000000b8   Code   RO          830    i.arp_cache_add     TCP_CM3.lib(at_arp.o)
    0x000060ec   0x00000088   Code   RO          831    i.arp_cache_alloc   TCP_CM3.lib(at_arp.o)
    0x00006174   0x00000098   Code   RO          832    i.arp_cache_early   TCP_CM3.lib(at_arp.o)
    0x0000620c   0x000000b4   Code   RO          833    i.arp_cache_find    TCP_CM3.lib(at_arp.o)
    0x000062c0   0x000000f4   Code   RO          836    i.arp_cache_update  TCP_CM3.lib(at_arp.o)
    0x000063b4   0x0000002c   Code   RO          839    i.arp_init          TCP_CM3.lib(at_arp.o)
    0x000063e0   0x00000034   Code   RO          840    i.arp_is_cacheable  TCP_CM3.lib(at_arp.o)
    0x00006414   0x00000028   Code   RO          841    i.arp_notify        TCP_CM3.lib(at_arp.o)
    0x0000643c   0x00000088   Code   RO          843    i.arp_proc_response  TCP_CM3.lib(at_arp.o)
    0x000064c4   0x00000138   Code   RO          844    i.arp_process       TCP_CM3.lib(at_arp.o)
    0x000065fc   0x000000a0   Code   RO          845    i.arp_send_reply    TCP_CM3.lib(at_arp.o)
    0x0000669c   0x000000b8   Code   RO          846    i.arp_send_request  TCP_CM3.lib(at_arp.o)
    0x00006754   0x0000001c   Code   RO         1120    i.avail_mem         TCP_CM3.lib(at_mem.o)
    0x00006770   0x00000078   Code   RO         1070    i.b64_to_asc        TCP_CM3.lib(at_lib.o)
    0x000067e8   0x00000012   Code   RO         1072    i.calc_chksum16be   TCP_CM3.lib(at_lib.o)
    0x000067fa   0x00000004   Code   RO          984    i.cgx_content_type  TCP_CM3.lib(at_http.o)
    0x000067fe   0x00000002   PAD
    0x00006800   0x000001cc   Code   RO          985    i.chk_post_req      TCP_CM3.lib(at_http.o)
    0x000069cc   0x00000028   Code   RO         1073    i.chksum16_buf      TCP_CM3.lib(at_lib.o)
    0x000069f4   0x0000000a   Code   RO         1074    i.chksum16_val      TCP_CM3.lib(at_lib.o)
    0x000069fe   0x0000001e   Code   RO          986    i.cmp_fname_ext     TCP_CM3.lib(at_http.o)
    0x00006a1c   0x00000028   Code   RO          987    i.cmp_header        TCP_CM3.lib(at_http.o)
    0x00006a44   0x00000010   Code   RO         1055    i.eth_chk_adr       TCP_CM3.lib(at_ethernet.o)
    0x00006a54   0x00000034   Code   RO         1057    i.eth_init_link     TCP_CM3.lib(at_ethernet.o)
    0x00006a88   0x000000d4   Code   RO         1058    i.eth_run_link      TCP_CM3.lib(at_ethernet.o)
    0x00006b5c   0x000000a8   Code   RO         1059    i.eth_send_frame    TCP_CM3.lib(at_ethernet.o)
    0x00006c04   0x00000084   Code   RO         1121    i.free_mem          TCP_CM3.lib(at_mem.o)
    0x00006c88   0x00000058   Code   RO         1520    i.frexp             m_ws.l(frexp.o)
    0x00006ce0   0x00000028   Code   RO         1076    i.get_crc32         TCP_CM3.lib(at_lib.o)
    0x00006d08   0x00000068   Code   RO          988    i.get_file_type     TCP_CM3.lib(at_http.o)
    0x00006d70   0x00000028   Code   RO          989    i.get_next_field    TCP_CM3.lib(at_http.o)
    0x00006d98   0x00000032   Code   RO          990    i.get_next_par      TCP_CM3.lib(at_http.o)
    0x00006dca   0x00000002   PAD
    0x00006dcc   0x0000001c   Code   RO         1133    i.get_rnd32         TCP_CM3.lib(at_system.o)
    0x00006de8   0x00000012   Code   RO          991    i.hex2byte          TCP_CM3.lib(at_http.o)
    0x00006dfa   0x00000004   Code   RO          992    i.http_accept_host  TCP_CM3.lib(at_http.o)
    0x00006dfe   0x00000002   PAD
    0x00006e00   0x000002bc   Code   RO          993    i.http_add_header   TCP_CM3.lib(at_http.o)
    0x000070bc   0x00000004   Code   RO          994    i.http_check_account  TCP_CM3.lib(at_http.o)
    0x000070c0   0x00000188   Code   RO          996    i.http_error_msg    TCP_CM3.lib(at_http.o)
    0x00007248   0x00000002   Code   RO         1148    i.http_fclose       TCP_CM3.lib(at_http_uif.o)
    0x0000724a   0x00000004   Code   RO         1149    i.http_fgets        TCP_CM3.lib(at_http_uif.o)
    0x0000724e   0x00000004   Code   RO          997    i.http_file_access  TCP_CM3.lib(at_http.o)
    0x00007252   0x00000004   Code   RO         1150    i.http_finfo        TCP_CM3.lib(at_http_uif.o)
    0x00007256   0x00000004   Code   RO         1151    i.http_fopen        TCP_CM3.lib(at_http_uif.o)
    0x0000725a   0x00000004   Code   RO         1152    i.http_fread        TCP_CM3.lib(at_http_uif.o)
    0x0000725e   0x00000002   PAD
    0x00007260   0x0000006c   Code   RO         1003    i.http_get_var      TCP_CM3.lib(at_http.o)
    0x000072cc   0x00000050   Code   RO         1004    i.http_init         TCP_CM3.lib(at_http.o)
    0x0000731c   0x0000005e   Code   RO         1005    i.http_kill_session  TCP_CM3.lib(at_http.o)
    0x0000737a   0x00000002   PAD
    0x0000737c   0x00000224   Code   RO         1006    i.http_listener     TCP_CM3.lib(at_http.o)
    0x000075a0   0x00000120   Code   RO         1007    i.http_open_file    TCP_CM3.lib(at_http.o)
    0x000076c0   0x00000154   Code   RO         1008    i.http_proc_header  TCP_CM3.lib(at_http.o)
    0x00007814   0x0000017c   Code   RO         1009    i.http_proc_multipart  TCP_CM3.lib(at_http.o)
    0x00007990   0x000000f8   Code   RO         1010    i.http_proc_post    TCP_CM3.lib(at_http.o)
    0x00007a88   0x0000033c   Code   RO         1011    i.http_run_server   TCP_CM3.lib(at_http.o)
    0x00007dc4   0x0000001e   Code   RO         1012    i.http_strcpy       TCP_CM3.lib(at_http.o)
    0x00007de2   0x00000002   PAD
    0x00007de4   0x000000a8   Code   RO         1013    i.http_to_utc       TCP_CM3.lib(at_http.o)
    0x00007e8c   0x00000010   Code   RO          880    i.icmp_init         TCP_CM3.lib(at_icmp.o)
    0x00007e9c   0x000000cc   Code   RO          882    i.icmp_process      TCP_CM3.lib(at_icmp.o)
    0x00007f68   0x00000048   Code   RO          883    i.icmp_run_engine   TCP_CM3.lib(at_icmp.o)
    0x00007fb0   0x00000070   Code   RO          884    i.icmp_send_message  TCP_CM3.lib(at_icmp.o)
    0x00008020   0x00000038   Code   RO         1122    i.ifree_mem         TCP_CM3.lib(at_mem.o)
    0x00008058   0x00000030   Code   RO         1134    i.init_TcpNet       TCP_CM3.lib(at_system.o)
    0x00008088   0x00000060   Code   RO         1123    i.init_mem          TCP_CM3.lib(at_mem.o)
    0x000080e8   0x000000c8   Code   RO          866    i.ip_chk_frame      TCP_CM3.lib(at_ip.o)
    0x000081b0   0x0000000a   Code   RO          867    i.ip_get_chksum     TCP_CM3.lib(at_ip.o)
    0x000081ba   0x00000002   PAD
    0x000081bc   0x000000b8   Code   RO          868    i.ip_get_locadr     TCP_CM3.lib(at_ip.o)
    0x00008274   0x0000000c   Code   RO          869    i.ip_init           TCP_CM3.lib(at_ip.o)
    0x00008280   0x0000005c   Code   RO          870    i.ip_run_local      TCP_CM3.lib(at_ip.o)
    0x000082dc   0x00000150   Code   RO          871    i.ip_send_frame     TCP_CM3.lib(at_ip.o)
    0x0000842c   0x00000014   Code   RO         1077    i.is_subnet         TCP_CM3.lib(at_lib.o)
    0x00008440   0x0000007e   Code   RO         1545    i.ldexp             m_ws.l(ldexp.o)
    0x000084be   0x00000002   PAD
    0x000084c0   0x00000064   Code   RO         1135    i.main_TcpNet       TCP_CM3.lib(at_system.o)
    0x00008524   0x00000018   Code   RO         1078    i.mem_comp          TCP_CM3.lib(at_lib.o)
    0x0000853c   0x00000016   Code   RO         1079    i.mem_copy          TCP_CM3.lib(at_lib.o)
    0x00008552   0x00000020   Code   RO         1080    i.mem_crc32         TCP_CM3.lib(at_lib.o)
    0x00008572   0x0000000a   Code   RO         1082    i.mem_set           TCP_CM3.lib(at_lib.o)
    0x0000857c   0x00000014   Code   RO         1083    i.mem_test          TCP_CM3.lib(at_lib.o)
    0x00008590   0x00000016   Code   RO         1085    i.nrd_u32be         TCP_CM3.lib(at_lib.o)
    0x000085a6   0x00000010   Code   RO         1087    i.nwr_u32be         TCP_CM3.lib(at_lib.o)
    0x000085b6   0x00000002   PAD
    0x000085b8   0x00000028   Code   RO         1014    i.proc_req_line     TCP_CM3.lib(at_http.o)
    0x000085e0   0x00000028   Code   RO         1060    i.put_in_queue      TCP_CM3.lib(at_ethernet.o)
    0x00008608   0x000000a0   Code   RO         1015    i.read_script_line  TCP_CM3.lib(at_http.o)
    0x000086a8   0x00000048   Code   RO         1124    i.resize_mem        TCP_CM3.lib(at_mem.o)
    0x000086f0   0x0000004c   Code   RO         1016    i.search_delim      TCP_CM3.lib(at_http.o)
    0x0000873c   0x00000012   Code   RO         1088    i.str_copy          TCP_CM3.lib(at_lib.o)
    0x0000874e   0x0000001a   Code   RO         1089    i.str_crc32         TCP_CM3.lib(at_lib.o)
    0x00008768   0x00000016   Code   RO         1090    i.str_pos           TCP_CM3.lib(at_lib.o)
    0x0000877e   0x0000001a   Code   RO         1091    i.str_scomp         TCP_CM3.lib(at_lib.o)
    0x00008798   0x00000050   Code   RO          891    i.tcp_abort         TCP_CM3.lib(at_tcp.o)
    0x000087e8   0x0000009c   Code   RO          893    i.tcp_close         TCP_CM3.lib(at_tcp.o)
    0x00008884   0x00000020   Code   RO          896    i.tcp_get_buf       TCP_CM3.lib(at_tcp.o)
    0x000088a4   0x0000004c   Code   RO          898    i.tcp_get_socket    TCP_CM3.lib(at_tcp.o)
    0x000088f0   0x00000024   Code   RO          899    i.tcp_get_state     TCP_CM3.lib(at_tcp.o)
    0x00008914   0x00000018   Code   RO          900    i.tcp_init          TCP_CM3.lib(at_tcp.o)
    0x0000892c   0x0000006c   Code   RO          902    i.tcp_listen        TCP_CM3.lib(at_tcp.o)
    0x00008998   0x00000098   Code   RO          903    i.tcp_map_socket    TCP_CM3.lib(at_tcp.o)
    0x00008a30   0x00000024   Code   RO          904    i.tcp_max_dsize     TCP_CM3.lib(at_tcp.o)
    0x00008a54   0x0000005e   Code   RO          906    i.tcp_parse_opt     TCP_CM3.lib(at_tcp.o)
    0x00008ab2   0x00000002   PAD
    0x00008ab4   0x00000284   Code   RO          907    i.tcp_poll_sockets  TCP_CM3.lib(at_tcp.o)
    0x00008d38   0x000000c8   Code   RO          908    i.tcp_proc_acknr    TCP_CM3.lib(at_tcp.o)
    0x00008e00   0x00000052   Code   RO          909    i.tcp_proc_dupack   TCP_CM3.lib(at_tcp.o)
    0x00008e52   0x00000002   PAD
    0x00008e54   0x00000498   Code   RO          910    i.tcp_process       TCP_CM3.lib(at_tcp.o)
    0x000092ec   0x0000001a   Code   RO          911    i.tcp_que_free      TCP_CM3.lib(at_tcp.o)
    0x00009306   0x0000001a   Code   RO          912    i.tcp_que_init      TCP_CM3.lib(at_tcp.o)
    0x00009320   0x00000094   Code   RO          913    i.tcp_que_resend    TCP_CM3.lib(at_tcp.o)
    0x000093b4   0x000000d4   Code   RO          917    i.tcp_send          TCP_CM3.lib(at_tcp.o)
    0x00009488   0x0000006a   Code   RO          918    i.tcp_send_ctrl     TCP_CM3.lib(at_tcp.o)
    0x000094f2   0x00000050   Code   RO          919    i.tcp_send_data     TCP_CM3.lib(at_tcp.o)
    0x00009542   0x00000068   Code   RO          920    i.tcp_send_reset    TCP_CM3.lib(at_tcp.o)
    0x000095aa   0x00000026   Code   RO          921    i.tcp_set_cwnd      TCP_CM3.lib(at_tcp.o)
    0x000095d0   0x00000068   Code   RO          922    i.tcp_transit       TCP_CM3.lib(at_tcp.o)
    0x00009638   0x000000c4   Code   RO          923    i.tcp_write         TCP_CM3.lib(at_tcp.o)
    0x000096fc   0x00000014   Code   RO         1136    i.timer_tick        TCP_CM3.lib(at_system.o)
    0x00009710   0x00000018   Code   RO          962    i.udp_init          TCP_CM3.lib(at_udp.o)
    0x00009728   0x000000b8   Code   RO          967    i.udp_process       TCP_CM3.lib(at_udp.o)
    0x000097e0   0x000000e0   Code   RO         1017    i.utc_to_http       TCP_CM3.lib(at_http.o)
    0x000098c0   0x0000002c   Code   RO         1426    locale$$code        c_w.l(lc_numeric_c.o)
    0x000098ec   0x0000002c   Code   RO         1458    locale$$code        c_w.l(lc_ctype_c.o)
    0x00009918   0x00000062   Code   RO         1257    x$fpl$d2f           fz_ws.l(d2f.o)
    0x0000997a   0x00000002   PAD
    0x0000997c   0x00000150   Code   RO         1259    x$fpl$dadd          fz_ws.l(daddsub_clz.o)
    0x00009acc   0x00000010   Code   RO         1572    x$fpl$dcheck1       fz_ws.l(dcheck1.o)
    0x00009adc   0x00000018   Code   RO         1535    x$fpl$dcmpinf       fz_ws.l(dcmpi.o)
    0x00009af4   0x000002b0   Code   RO         1266    x$fpl$ddiv          fz_ws.l(ddiv.o)
    0x00009da4   0x00000078   Code   RO         1515    x$fpl$deqf          fz_ws.l(deqf.o)
    0x00009e1c   0x0000002e   Code   RO         1270    x$fpl$dflt          fz_ws.l(dflt_clz.o)
    0x00009e4a   0x00000026   Code   RO         1269    x$fpl$dfltu         fz_ws.l(dflt_clz.o)
    0x00009e70   0x00000078   Code   RO         1537    x$fpl$dleqf         fz_ws.l(dleqf.o)
    0x00009ee8   0x00000154   Code   RO         1275    x$fpl$dmul          fz_ws.l(dmul.o)
    0x0000a03c   0x0000009c   Code   RO         1350    x$fpl$dnaninf       fz_ws.l(dnaninf.o)
    0x0000a0d8   0x0000000c   Code   RO         1352    x$fpl$dretinf       fz_ws.l(dretinf.o)
    0x0000a0e4   0x0000006c   Code   RO         1517    x$fpl$drleqf        fz_ws.l(drleqf.o)
    0x0000a150   0x000001d4   Code   RO         1261    x$fpl$dsub          fz_ws.l(daddsub_clz.o)
    0x0000a324   0x00000056   Code   RO         1277    x$fpl$f2d           fz_ws.l(f2d.o)
    0x0000a37a   0x00000018   Code   RO         1354    x$fpl$fcmpinf       fz_ws.l(fcmpi.o)
    0x0000a392   0x00000002   PAD
    0x0000a394   0x00000184   Code   RO         1280    x$fpl$fdiv          fz_ws.l(fdiv.o)
    0x0000a518   0x0000003e   Code   RO         1283    x$fpl$ffixu         fz_ws.l(ffixu.o)
    0x0000a556   0x00000002   PAD
    0x0000a558   0x00000026   Code   RO         1287    x$fpl$ffltu         fz_ws.l(fflt_clz.o)
    0x0000a57e   0x00000002   PAD
    0x0000a580   0x00000068   Code   RO         1293    x$fpl$fleqf         fz_ws.l(fleqf.o)
    0x0000a5e8   0x00000102   Code   RO         1295    x$fpl$fmul          fz_ws.l(fmul.o)
    0x0000a6ea   0x0000008c   Code   RO         1356    x$fpl$fnaninf       fz_ws.l(fnaninf.o)
    0x0000a776   0x0000000a   Code   RO         1358    x$fpl$fretinf       fz_ws.l(fretinf.o)
    0x0000a780   0x00000062   Code   RO         1297    x$fpl$frleqf        fz_ws.l(frleqf.o)
    0x0000a7e2   0x00000004   Code   RO         1299    x$fpl$printf1       fz_ws.l(printf1.o)
    0x0000a7e6   0x00000004   Code   RO         1301    x$fpl$printf2       fz_ws.l(printf2.o)
    0x0000a7ea   0x00000064   Code   RO         1595    x$fpl$retnan        fz_ws.l(retnan.o)
    0x0000a84e   0x0000005c   Code   RO         1541    x$fpl$scalbn        fz_ws.l(scalbn.o)
    0x0000a8aa   0x00000004   Code   RO         1307    x$fpl$scanf1        fz_ws.l(scanf1.o)
    0x0000a8ae   0x00000008   Code   RO         1433    x$fpl$scanf2        fz_ws.l(scanf2.o)
    0x0000a8b6   0x00000030   Code   RO         1628    x$fpl$trapveneer    fz_ws.l(trapv.o)
    0x0000a8e6   0x00000000   Code   RO         1360    x$fpl$usenofp       fz_ws.l(usenofp.o)
    0x0000a8e6   0x00000002   PAD
    0x0000a8e8   0x00000090   Data   RO            3    .constdata          net_config.o
    0x0000a978   0x00001b48   Data   RO          145    .constdata          font.o
    0x0000c4c0   0x00000100   Data   RO          468    .constdata          uart0.o
    0x0000c5c0   0x00000100   Data   RO          497    .constdata          uart2.o
    0x0000c6c0   0x00000100   Data   RO          522    .constdata          uart3.o
    0x0000c7c0   0x00003e00   Data   RO          609    .constdata          audio.o
    0x000105c0   0x000000e4   Data   RO          677    .constdata          lcddriver.o
    0x000106a4   0x000019d8   Data   RO          821    .constdata          web.o
    0x0001207c   0x00000006   Data   RO          847    .constdata          TCP_CM3.lib(at_arp.o)
    0x00012082   0x00000008   Data   RO          872    .constdata          TCP_CM3.lib(at_ip.o)
    0x0001208a   0x000000f4   Data   RO         1018    .constdata          TCP_CM3.lib(at_http.o)
    0x0001217e   0x00000006   Data   RO         1062    .constdata          TCP_CM3.lib(at_ethernet.o)
    0x00012184   0x00000056   Data   RO         1142    .constdata          TCP_CM3.lib(http_err.o)
    0x000121da   0x00000051   Data   RO         1143    .constdata          TCP_CM3.lib(http_err.o)
    0x0001222b   0x0000004e   Data   RO         1144    .constdata          TCP_CM3.lib(http_err.o)
    0x00012279   0x0000004b   Data   RO         1145    .constdata          TCP_CM3.lib(http_err.o)
    0x000122c4   0x0000002f   Data   RO         1146    .constdata          TCP_CM3.lib(http_err.o)
    0x000122f3   0x00000088   Data   RO         1147    .constdata          TCP_CM3.lib(http_err.o)
    0x0001237b   0x00000001   PAD
    0x0001237c   0x00000008   Data   RO         1177    .constdata          c_w.l(_printf_wctomb.o)
    0x00012384   0x00000028   Data   RO         1189    .constdata          c_w.l(_printf_hex_int.o)
    0x000123ac   0x00000011   Data   RO         1224    .constdata          c_w.l(__printf_flags_ss_wp.o)
    0x000123bd   0x00000026   Data   RO         1324    .constdata          c_w.l(_printf_fp_hex.o)
    0x000123e3   0x00000001   PAD
    0x000123e4   0x00000094   Data   RO         1401    .constdata          c_w.l(bigflt0.o)
    0x00012478   0x00000019   Data   RO            4    .conststring        net_config.o
    0x00012491   0x00000003   PAD
    0x00012494   0x00000030   Data   RO         1630    Region$$Table       anon$$obj.o
    0x000124c4   0x00000008   Data   RO         1428    c$$dinf             fz_ws.l(fpconst.o)
    0x000124cc   0x0000001c   Data   RO         1425    locale$$data        c_w.l(lc_numeric_c.o)
    0x000124e8   0x00000110   Data   RO         1457    locale$$data        c_w.l(lc_ctype_c.o)


    Execution Region RW_IRAM1 (Base: 0x10000000, Size: 0x00004600, Max: 0x00008000, ABSOLUTE)

    Base Addr    Size         Type   Attr      Idx    E Section Name        Object

    0x10000000   0x0000002a   Data   RW            5    .data               net_config.o
    0x1000002a   0x00000002   PAD
    0x1000002c   0x00000014   Data   RW           37    .data               emac_lpc17xx_lan8720.o
    0x10000040   0x00000004   Data   RW           85    .data               system_lpc17xx.o
    0x10000044   0x00000048   Data   RW          311    .data               main.o
    0x1000008c   0x0000000e   Data   RW          469    .data               uart0.o
    0x1000009a   0x00000002   PAD
    0x1000009c   0x0000000e   Data   RW          498    .data               uart2.o
    0x100000aa   0x00000002   PAD
    0x100000ac   0x0000000e   Data   RW          523    .data               uart3.o
    0x100000ba   0x00000002   PAD
    0x100000bc   0x00000008   Data   RW          546    .data               anemometro.o
    0x100000c4   0x0000000c   Data   RW          610    .data               audio.o
    0x100000d0   0x00000005   Data   RW          678    .data               lcddriver.o
    0x100000d5   0x00000003   PAD
    0x100000d8   0x00000004   Data   RW          765    .data               temp-humedad.o
    0x100000dc   0x00000008   Data   RW          848    .data               TCP_CM3.lib(at_arp.o)
    0x100000e4   0x0000000c   Data   RW          873    .data               TCP_CM3.lib(at_ip.o)
    0x100000f0   0x00000004   Data   RW          924    .data               TCP_CM3.lib(at_tcp.o)
    0x100000f4   0x0000000c   Data   RW         1019    .data               TCP_CM3.lib(at_http.o)
    0x10000100   0x000000b4   Zero   RW          467    .bss                uart0.o
    0x100001b4   0x000000b4   Zero   RW          496    .bss                uart2.o
    0x10000268   0x000000b4   Zero   RW          521    .bss                uart3.o
    0x1000031c   0x00003e80   Zero   RW          608    .bss                audio.o
    0x1000419c   0x0000001e   Zero   RW          705    .bss                visualizacion.o
    0x100041ba   0x00000002   PAD
    0x100041bc   0x00000010   Zero   RW          885    .bss                TCP_CM3.lib(at_icmp.o)
    0x100041cc   0x00000084   Zero   RW         1061    .bss                TCP_CM3.lib(at_ethernet.o)
    0x10004250   0x00000010   Zero   RW         1125    .bss                TCP_CM3.lib(at_mem.o)
    0x10004260   0x0000004c   Zero   RW         1137    .bss                TCP_CM3.lib(at_system.o)
    0x100042ac   0x00000060   Zero   RW         1362    .bss                c_w.l(libspace.o)
    0x1000430c   0x00000004   PAD
    0x10004310   0x00000000   Zero   RW          116    HEAP                startup_lpc17xx.o
    0x10004310   0x000000f0   PAD
    0x10004400   0x00000200   Zero   RW          115    STACK               startup_lpc17xx.o


    Execution Region RW_IRAM2 (Base: 0x2007c000, Size: 0x00005e1c, Max: 0x00008000, ABSOLUTE)

    Base Addr    Size         Type   Attr      Idx    E Section Name        Object

    0x2007c000   0x000033b8   Zero   RW            2    .bss                net_config.o
    0x2007f3b8   0x00002a64   Zero   RW           36    .bss                emac_lpc17xx_lan8720.o


==============================================================================

Image component sizes


      Code (inc. data)   RO Data    RW Data    ZI Data      Debug   Object Name

       276         50          0          8          0      24498   anemometro.o
       816        126      15872         12      16000      26349   audio.o
      1488        130          0         20      10852      52673   emac_lpc17xx_lan8720.o
         0          0       6984          0          0        517   font.o
         0          0          0          0          0       1176   glcd.o
       368         48          0          0          0       8416   http_cgi.o
      2612         38        228          5          0       8575   lcddriver.o
       336         32          0          0          0       1723   lpc17xx_clkpwr.o
      1060         62          0          0          0       9403   lpc17xx_gpio.o
       572         78          0         72          0      42360   main.o
       116          8        169         42      13240      17821   net_config.o
       144         26          0          0          0        610   pwm.o
        64         26        204          0        512        888   startup_lpc17xx.o
       792         78          0          4          0        977   system_lpc17xx.o
        72          6          0          0          0        627   tcp.o
       484         94          0          4          0       1205   temp-humedad.o
        36          0          0          0          0        490   uart.o
      1064        334        256         14        180      26250   uart0.o
      1084        340        256         14        180       2615   uart2.o
      1084        340        256         14        180       2615   uart3.o
       748        208          0          0         30       1284   visualizacion.o
         0          0       6616          0          0        485   web.o

    ----------------------------------------------------------------------
     13216       2024      30892        220      41416     231557   Object Totals
         0          0         48          0          0          0   (incl. Generated)
         0          0          3         11        242          0   (incl. Padding)

    ----------------------------------------------------------------------

      Code (inc. data)   RO Data    RW Data    ZI Data      Debug   Library Member Name

      1824        138          6          8          0       1040   at_arp.o
       488         58          6          0        132        404   at_ethernet.o
      5514       1176        244         12          0       2268   at_http.o
        18          0          0          0          0        340   at_http_uif.o
       404         30          0          0         16        308   at_icmp.o
       834         56          8         12          0        520   at_ip.o
       486          6          0          0          0       1224   at_lib.o
       568         46          0          0         16        520   at_mem.o
       196         40          0          0         76        292   at_system.o
      3936        158          0          4          0       2008   at_tcp.o
       208         12          0          0          0        156   at_udp.o
         0          0        503          0          0          0   http_err.o
        60          8          0          0          0         84   __0sscanf.o
        44          6          0          0          0         84   __2sprintf.o
         8          0          0          0          0         68   __main.o
       396          6         17          0          0         92   __printf_flags_ss_wp.o
        14          0          0          0          0         68   __printf_wp.o
        52          8          0          0          0          0   __scatter.o
        26          0          0          0          0          0   __scatter_copy.o
        28          0          0          0          0          0   __scatter_zi.o
        28          0          0          0          0         68   _chval.o
         6          0          0          0          0          0   _printf_a.o
         6          0          0          0          0          0   _printf_c.o
        44          0          0          0          0        108   _printf_char.o
        48          6          0          0          0         96   _printf_char_common.o
         6          0          0          0          0          0   _printf_d.o
       120         18          0          0          0         92   _printf_dec.o
         6          0          0          0          0          0   _printf_e.o
         6          0          0          0          0          0   _printf_f.o
      1056          0          0          0          0        216   _printf_fp_dec.o
       768          8         38          0          0        100   _printf_fp_hex.o
       128         16          0          0          0         84   _printf_fp_infnan.o
         6          0          0          0          0          0   _printf_g.o
        92          4         40          0          0         88   _printf_hex_int.o
         6          0          0          0          0          0   _printf_i.o
       184          0          0          0          0         88   _printf_intcommon.o
        10          0          0          0          0          0   _printf_l.o
         6          0          0          0          0          0   _printf_lc.o
         6          0          0          0          0          0   _printf_o.o
        88          8          0          0          0         88   _printf_oct_int.o
        82          0          0          0          0        108   _printf_pad.o
         0          0          0          0          0          0   _printf_percent.o
         4          0          0          0          0          0   _printf_percent_end.o
         6          0          0          0          0          0   _printf_s.o
        82          0          0          0          0         80   _printf_str.o
        36          0          0          0          0         84   _printf_truncate.o
         6          0          0          0          0          0   _printf_u.o
        44          0          0          0          0        108   _printf_wchar.o
       188          6          8          0          0         92   _printf_wctomb.o
         6          0          0          0          0          0   _printf_x.o
        22          0          0          0          0        100   _rserrno.o
       880          4          0          0          0        100   _scanf.o
        64          0          0          0          0         84   _sgetc.o
        10          0          0          0          0         68   _sputc.o
       158          0          0          0          0         92   _strtoul.o
        64          0          0          0          0         92   _wcrtomb.o
        26          0          0          0          0         80   atoi.o
       228          6        148          0          0         96   bigflt0.o
      2074        132          0          0          0        940   btod.o
        12          0          0          0          0         72   exit.o
         6          0          0          0          0        152   heapauxi.o
         0          0          0          0          0          0   indicate_semi.o
        18          0          0          0          0         76   isspace.o
        44         10        272          0          0         76   lc_ctype_c.o
        44         10         28          0          0         76   lc_numeric_c.o
         2          0          0          0          0          0   libinit.o
        30          0          0          0          0          0   libinit2.o
         2          0          0          0          0          0   libshutdown.o
         2          0          0          0          0          0   libshutdown2.o
         8          4          0          0         96         68   libspace.o
        38          0          0          0          0         68   llshl.o
       138          0          0          0          0         80   lludiv10.o
       238          0          0          0          0        100   lludivv7m.o
        16          4          0          0          0         76   rt_ctype_table.o
         8          4          0          0          0         68   rt_errno_addr_intlibspace.o
         8          4          0          0          0         68   rt_locale_intlibspace.o
        68          0          0          0          0         68   rt_memclr.o
        78          0          0          0          0         80   rt_memclr_w.o
         0          0          0          0          0          0   rtentry.o
        12          0          0          0          0          0   rtentry2.o
         6          0          0          0          0          0   rtentry4.o
         2          0          0          0          0          0   rtexit.o
        10          0          0          0          0          0   rtexit2.o
        44          8          0          0          0         84   scanf_char.o
      1188         12          0          0          0        148   scanf_fp.o
       788         12          0          0          0        100   scanf_hexfp.o
       316         18          0          0          0        100   scanf_infnan.o
       128          0          0          0          0         68   strcmpv7m.o
        72          0          0          0          0         80   strcpy.o
        62          0          0          0          0         76   strlen.o
       112          0          0          0          0         88   strtol.o
        12          4          0          0          0         68   sys_exit.o
        74          0          0          0          0         80   sys_stackheap_outer.o
         2          0          0          0          0         68   use_no_semi.o
        98          4          0          0          0         92   d2f.o
       804         16          0          0          0        272   daddsub_clz.o
        16          4          0          0          0         68   dcheck1.o
        24          0          0          0          0         68   dcmpi.o
       688        140          0          0          0        208   ddiv.o
       120          4          0          0          0         92   deqf.o
        84          0          0          0          0        136   dflt_clz.o
       120          4          0          0          0         92   dleqf.o
       340         12          0          0          0        104   dmul.o
       156          4          0          0          0         92   dnaninf.o
        12          0          0          0          0         68   dretinf.o
       108          0          0          0          0         80   drleqf.o
        86          4          0          0          0         84   f2d.o
        24          0          0          0          0         68   fcmpi.o
       388         76          0          0          0         96   fdiv.o
        62          4          0          0          0         84   ffixu.o
        38          0          0          0          0         68   fflt_clz.o
       104          4          0          0          0         84   fleqf.o
       258          4          0          0          0         84   fmul.o
       140          4          0          0          0         84   fnaninf.o
         0          0          8          0          0          0   fpconst.o
        10          0          0          0          0         68   fretinf.o
        98          0          0          0          0         68   frleqf.o
         4          0          0          0          0         68   printf1.o
         4          0          0          0          0         68   printf2.o
       100          0          0          0          0         68   retnan.o
        92          0          0          0          0         68   scalbn.o
         4          0          0          0          0         68   scanf1.o
         8          0          0          0          0         84   scanf2.o
        48          0          0          0          0         68   trapv.o
         0          0          0          0          0          0   usenofp.o
        16          6          0          0          0         68   dunder.o
        40          0          0          0          0         68   fpclassify.o
        88          8          0          0          0         76   frexp.o
       148          0          0          0          0        160   ldexp.o
       152          4          0          0          0        160   narrow.o

    ----------------------------------------------------------------------
     29820       2348       1328         36        340      17900   Library Totals
        46          0          2          0          4          0   (incl. Padding)

    ----------------------------------------------------------------------

      Code (inc. data)   RO Data    RW Data    ZI Data      Debug   Library Name

     14476       1720        767         36        240       9080   TCP_CM3.lib
     10816        326        551          0         96       5636   c_w.l
      4038        284          8          0          0       2652   fz_ws.l
       444         18          0          0          0        532   m_ws.l

    ----------------------------------------------------------------------
     29820       2348       1328         36        340      17900   Library Totals

    ----------------------------------------------------------------------

==============================================================================


      Code (inc. data)   RO Data    RW Data    ZI Data      Debug   

     43036       4372      32220        256      41756     236821   Grand Totals
     43036       4372      32220        256      41756     236821   ELF Image Totals
     43036       4372      32220        256          0          0   ROM Totals

==============================================================================

    Total RO  Size (Code + RO Data)                75256 (  73.49kB)
    Total RW  Size (RW Data + ZI Data)             42012 (  41.03kB)
    Total ROM Size (Code + RO Data + RW Data)      75512 (  73.74kB)

==============================================================================

